06-11 12:59:09.089  5968  5968 V GraphicsEnvironment: com.ash.strefaciszy is not listed in per-application setting
06-11 12:59:09.089  5968  5968 V GraphicsEnvironment: ANGLE allowlist from config: 
06-11 12:59:09.089  5968  5968 V GraphicsEnvironment: com.ash.strefaciszy is not listed in ANGLE allowlist or settings, returning default
06-11 12:59:09.089  5968  5968 V GraphicsEnvironment: Neither updatable production driver nor prerelease driver is supported.
06-11 12:59:09.106  5968  5968 I FirebaseApp: Device unlocked: initializing all Firebase APIs for app [DEFAULT]
06-11 12:59:09.108  5968  5968 I FirebaseInitProvider: FirebaseApp initialization successful
06-11 12:59:09.112  2093  2271 I .apps.wellbeing: AssetManager2(0x7c19322c0898) locale list changing from [] to [en-US]
06-11 12:59:09.115  2093  2271 I .apps.wellbeing: AssetManager2(0x7c19322bfc18) locale list changing from [] to [en-US]
06-11 12:59:09.119  2093  2271 I .apps.wellbeing: AssetManager2(0x7c19322c2198) locale list changing from [] to [en-US]
06-11 12:59:09.122   686  1306 W OptProp : Cannot read opt property android.window.PROPERTY_COMPAT_ENABLE_FAKE_FOCUS
06-11 12:59:09.123   686  1306 D CompatChangeReporter: Compat change id reported: 324203798; UID 10220; state: ENABLED
06-11 12:59:09.127   686   937 D BackgroundInstallControlService: Package event received: 0
06-11 12:59:09.127   686   937 D BackgroundInstallControlService: Package event received: 0
06-11 12:59:09.132  5968  6015 I DisplayManager: Choreographer implicitly registered for the refresh rate.
06-11 12:59:09.135  5968  5968 I ash.strefaciszy: AssetManager2(0x7c19322a8838) locale list changing from [] to [en-US]
06-11 12:59:09.138  5968  5968 E TransactionExecutor: Failed to execute the transaction: tId:541247617 ClientTransaction{
06-11 12:59:09.138  5968  5968 E TransactionExecutor: tId:541247617   transactionItems=[
06-11 12:59:09.138  5968  5968 E TransactionExecutor: tId:541247617     LaunchActivityItem{activityToken=android.os.BinderProxy@e8a1d6,intent=Intent { act=android.intent.action.MAIN cat=[android.intent.category.LAUNCHER] flg=0x30000000 xflg=0x4 cmp=com.ash.strefaciszy/.MainActivity (has extras) },ident=52694470,info=ActivityInfo{94c3fb0 com.ash.strefaciszy.MainActivity},curConfig={1.0 310mcc260mnc [en_US] ldltr sw411dp w411dp h914dp 420dpi nrml long port finger qwerty/v/v dpad/v winConfig={ mBounds=Rect(0, 0 - 1080, 2400) mAppBounds=Rect(0, 0 - 1080, 2400) mMaxBounds=Rect(0, 0 - 1080, 2400) mDisplayRotation=ROTATION_0 mWindowingMode=fullscreen mActivityType=undefined mAlwaysOnTop=undefined mRotation=ROTATION_0} s.27 fontWeightAdjustment=0},overrideConfig={1.0 310mcc260mnc [en_US] ldltr sw411dp w411dp h914dp 420dpi nrml long port finger qwerty/v/v dpad/v winConfig={ mBounds=Rect(0, 0 - 1080, 2400) mAppBounds=Rect(0, 0 - 1080, 2400) mMaxBounds=Rect(0, 0 - 1080, 2400) mDisplayRotation=ROTATION_0 mWindowingMode=fullscreen mActivityType=standard mAlwaysOnTop=undefined mRotation=ROTATION_0} s.2 fontWeightAdjustment=0},deviceId=0,referrer=com.android.shell,procState=2,state=null,persistentState=null,pendingResults=null,pendingNewIntents=null,sceneTransitionInfo=null,profilerInfo=null,assistToken=android.os.BinderProxy@7d5bc2d,shareableActivityToken=android.os.BinderProxy@d250562,activityWindowInfo=ActivityWindowInfo{isEmbedded=false, taskBounds=Rect(0, 0 - 1080, 2400), taskFragmentBounds=Rect(0, 0 - 1080, 2400)}}
06-11 12:59:09.138  5968  5968 E TransactionExecutor: tId:541247617     ResumeActivityItem{mActivityToken=android.os.BinderProxy@e8a1d6,procState=-1,isForward=true,shouldSendCompatFakeFocus=false}
06-11 12:59:09.138  5968  5968 E TransactionExecutor: tId:541247617     Target activity: Not found for token: android.os.BinderProxy@e8a1d6
06-11 12:59:09.138  5968  5968 E TransactionExecutor: tId:541247617   ]
06-11 12:59:09.138  5968  5968 E TransactionExecutor: tId:541247617 }
06-11 12:59:09.138  5968  5968 D AndroidRuntime: Shutting down VM
--------- beginning of crash
06-11 12:59:09.142  5968  5968 E AndroidRuntime: FATAL EXCEPTION: main
06-11 12:59:09.142  5968  5968 E AndroidRuntime: Process: com.ash.strefaciszy, PID: 5968
06-11 12:59:09.142  5968  5968 E AndroidRuntime: java.lang.RuntimeException: Unable to instantiate activity ComponentInfo{com.ash.strefaciszy/com.ash.strefaciszy.MainActivity}: java.lang.ClassNotFoundException: Didn't find class "com.ash.strefaciszy.MainActivity" on path: DexPathList[[zip file "/data/app/~~RgGWHgb8km_KyjKibDBLHg==/com.ash.strefaciszy-MgCrAx4_o85pbZ4mRMXfTA==/base.apk"],nativeLibraryDirectories=[/data/app/~~RgGWHgb8km_KyjKibDBLHg==/com.ash.strefaciszy-MgCrAx4_o85pbZ4mRMXfTA==/lib/x86_64, /data/app/~~RgGWHgb8km_KyjKibDBLHg==/com.ash.strefaciszy-MgCrAx4_o85pbZ4mRMXfTA==/base.apk!/lib/x86_64, /system/lib64, /system_ext/lib64]]
06-11 12:59:09.142  5968  5968 E AndroidRuntime: 	at android.app.ActivityThread.performLaunchActivity(ActivityThread.java:4186)
06-11 12:59:09.142  5968  5968 E AndroidRuntime: 	at android.app.ActivityThread.handleLaunchActivity(ActivityThread.java:4467)
06-11 12:59:09.142  5968  5968 E AndroidRuntime: 	at android.app.servertransaction.LaunchActivityItem.execute(LaunchActivityItem.java:222)
06-11 12:59:09.142  5968  5968 E AndroidRuntime: 	at android.app.servertransaction.TransactionExecutor.executeNonLifecycleItem(TransactionExecutor.java:133)
06-11 12:59:09.142  5968  5968 E AndroidRuntime: 	at android.app.servertransaction.TransactionExecutor.executeTransactionItems(TransactionExecutor.java:103)
06-11 12:59:09.142  5968  5968 E AndroidRuntime: 	at android.app.servertransaction.TransactionExecutor.execute(TransactionExecutor.java:80)
06-11 12:59:09.142  5968  5968 E AndroidRuntime: 	at android.app.ActivityThread$H.handleMessage(ActivityThread.java:2823)
06-11 12:59:09.142  5968  5968 E AndroidRuntime: 	at android.os.Handler.dispatchMessage(Handler.java:110)
06-11 12:59:09.142  5968  5968 E AndroidRuntime: 	at android.os.Looper.loopOnce(Looper.java:248)
06-11 12:59:09.142  5968  5968 E AndroidRuntime: 	at android.os.Looper.loop(Looper.java:338)
06-11 12:59:09.142  5968  5968 E AndroidRuntime: 	at android.app.ActivityThread.main(ActivityThread.java:9067)
06-11 12:59:09.142  5968  5968 E AndroidRuntime: 	at java.lang.reflect.Method.invoke(Native Method)
06-11 12:59:09.142  5968  5968 E AndroidRuntime: 	at com.android.internal.os.RuntimeInit$MethodAndArgsCaller.run(RuntimeInit.java:593)
06-11 12:59:09.142  5968  5968 E AndroidRuntime: 	at com.android.internal.os.ZygoteInit.main(ZygoteInit.java:932)
06-11 12:59:09.142  5968  5968 E AndroidRuntime: Caused by: java.lang.ClassNotFoundException: Didn't find class "com.ash.strefaciszy.MainActivity" on path: DexPathList[[zip file "/data/app/~~RgGWHgb8km_KyjKibDBLHg==/com.ash.strefaciszy-MgCrAx4_o85pbZ4mRMXfTA==/base.apk"],nativeLibraryDirectories=[/data/app/~~RgGWHgb8km_KyjKibDBLHg==/com.ash.strefaciszy-MgCrAx4_o85pbZ4mRMXfTA==/lib/x86_64, /data/app/~~RgGWHgb8km_KyjKibDBLHg==/com.ash.strefaciszy-MgCrAx4_o85pbZ4mRMXfTA==/base.apk!/lib/x86_64, /system/lib64, /system_ext/lib64]]
06-11 12:59:09.142  5968  5968 E AndroidRuntime: 	at dalvik.system.BaseDexClassLoader.findClass(BaseDexClassLoader.java:259)
06-11 12:59:09.142  5968  5968 E AndroidRuntime: 	at java.lang.ClassLoader.loadClass(ClassLoader.java:637)
06-11 12:59:09.142  5968  5968 E AndroidRuntime: 	at java.lang.ClassLoader.loadClass(ClassLoader.java:573)
06-11 12:59:09.142  5968  5968 E AndroidRuntime: 	at android.app.AppComponentFactory.instantiateActivity(AppComponentFactory.java:95)
06-11 12:59:09.142  5968  5968 E AndroidRuntime: 	at androidx.core.app.CoreComponentFactory.instantiateActivity(CoreComponentFactory.java:44)
06-11 12:59:09.142  5968  5968 E AndroidRuntime: 	at android.app.Instrumentation.newActivity(Instrumentation.java:1443)
06-11 12:59:09.142  5968  5968 E AndroidRuntime: 	at android.app.ActivityThread.performLaunchActivity(ActivityThread.java:4173)
06-11 12:59:09.142  5968  5968 E AndroidRuntime: 	... 13 more
06-11 12:59:09.144  2093  2271 I .apps.wellbeing: AssetManager2(0x7c19322bca18) locale list changing from [] to [en-US]
06-11 12:59:09.152  2093  2271 I .apps.wellbeing: AssetManager2(0x7c19322cc738) locale list changing from [] to [en-US]
06-11 12:59:09.153   686  6017 I DropBoxManagerService: add tag=data_app_crash isTagEnabled=true flags=0x2
06-11 12:59:09.160  2093  2271 I .apps.wellbeing: AssetManager2(0x7c19322b9818) locale list changing from [] to [en-US]
06-11 12:59:09.164   686  1235 W ActivityTaskManager:   Force finishing activity com.ash.strefaciszy/.MainActivity
06-11 12:59:09.169   993  1057 V WindowManagerShell: Transition requested (#35): android.os.BinderProxy@e94a9c6 TransitionRequestInfo { type = CLOSE, triggerTask = TaskInfo{userId=0 taskId=56 effectiveUid=10220 displayId=0 isRunning=true baseIntent=Intent { act=android.intent.action.MAIN cat=[android.intent.category.LAUNCHER] flg=0x30000000 cmp=com.ash.strefaciszy/.MainActivity } baseActivity=ComponentInfo{com.ash.strefaciszy/com.ash.strefaciszy.MainActivity} topActivity=ComponentInfo{com.ash.strefaciszy/com.ash.strefaciszy.MainActivity} origActivity=null realActivity=ComponentInfo{com.ash.strefaciszy/com.ash.strefaciszy.MainActivity} numActivities=1 lastActiveTime=1812277 supportsMultiWindow=true resizeMode=1 isResizeable=true minWidth=-1 minHeight=-1 defaultMinSize=220 token=WCT{android.window.IWindowContainerToken$Stub$Proxy@62acd87} topActivityType=1 pictureInPictureParams=null shouldDockBigOverlays=false launchIntoPipHostTaskId=-1 lastParentTaskIdBeforePip=-1 displayCutoutSafeInsets=Rect(0, 0 - 0, 0) topActivityInfo=ActivityInfo{842d4b4 com.ash.strefaciszy.MainActivity} launchCookies=[] positionInParent=Point(0, 0) parentTaskId=-1 isFocused=true isVisible=true isVisibleRequested=true isTopActivityNoDisplay=false isSleeping=false locusId=null displayAreaFeatureId=1 isTopActivityTransparent=false isActivityStackTransparent=false lastNonFullscreenBounds=Rect(284, 660 - 796, 1740) capturedLink=null capturedLinkTimestamp=0 requestedVisibleTypes=-9 topActivityRequestOpenInBrowserEducationTimestamp=0 appCompatTaskInfo=AppCompatTaskInfo { topActivityInSizeCompat=false eligibleForLetterboxEducation= false isLetterboxEducationEnabled= true isLetterboxDoubleTapEnabled= false eligibleForUserAspectRatioButton= false topActivityBoundsLetterboxed= false isFromLetterboxDoubleTap= false topActivityLetterboxVerticalPosition= -1 topActivityLetterboxHorizontalPosition= -1 topActivityLetterboxWidth=-1 topActivityLetterboxHeight=-1 topActivityAppBounds=Rect(0, 0 - 1080, 2400) isUserFullscreenOverrideEnabled=false isSystemFullscreenOverrideEnabled=false hasMinAspectRatioOverride=false topActivityLetterboxBounds=null cameraCompatTaskInfo=CameraCompatTaskInfo { freeformCameraCompatMode=inactive}} topActivityMainWindowFrame=null}, pipChange = null, remoteTransition = null, displayChange = null, flags = 16, debugId = 35 }
06-11 12:59:09.174   530   784 I BpBinder: onLastStrongRef automatically unlinking death recipients: 
06-11 12:59:09.194  1120  1120 D VRI[NexusLauncherActivity]: visibilityChanged oldVisibility=false newVisibility=true
06-11 12:59:09.203  1120  1120 D NexusLauncherModelDelegate: notifySmartspaceEvent: SmartspaceTargetEvent{mSmartspaceTarget=null, mSmartspaceActionId='null', mEventType=6}
06-11 12:59:09.218  5968  5968 I Process : Sending signal. PID: 5968 SIG: 9
06-11 12:59:09.220  1101  1286 D SatelliteController: iisInCarrierRoamingNbIotNtn: satellite is disabled
06-11 12:59:09.236   530   530 I BpBinder: onLastStrongRef automatically unlinking death recipients: 
06-11 12:59:09.287   686  2809 I ActivityManager: Process com.ash.strefaciszy (pid 5968) has died: fg  TOP 
06-11 12:59:09.288   533   533 I adbd    : Remote process closed the socket (on MSG_PEEK)
06-11 12:59:09.289   459   459 I Zygote  : Process 5968 exited due to signal 9 (Killed)
06-11 12:59:09.289   686   763 I libprocessgroup: Removed cgroup /sys/fs/cgroup/apps/uid_10220/pid_5968
06-11 12:59:09.294   686   884 D InetDiagMessage: Destroyed 0 sockets, proto=IPPROTO_TCP, family=AF_INET, states=14
06-11 12:59:09.294   686   884 D InetDiagMessage: Destroyed 0 sockets, proto=IPPROTO_TCP, family=AF_INET6, states=14
06-11 12:59:09.294   686   884 D InetDiagMessage: Destroyed live tcp sockets for uids={10220} in 1ms
06-11 12:59:09.295   686   884 D InetDiagMessage: Destroyed 0 sockets, proto=IPPROTO_TCP, family=AF_INET, states=14
06-11 12:59:09.295   686   884 D InetDiagMessage: Destroyed 0 sockets, proto=IPPROTO_TCP, family=AF_INET6, states=14
06-11 12:59:09.295   686   884 D InetDiagMessage: Destroyed live tcp sockets for uids={20220} in 0ms
06-11 12:59:09.299   993  1057 D WindowManagerShell: setLauncherKeepClearAreaHeight: visible=true, height=527
06-11 12:59:09.299  1120  1144 E FrameEvents: addRelease: Did not find frame.
06-11 12:59:09.300  1120  1120 D StatsLog: LAUNCHER_ONRESUME
06-11 12:59:09.300   686   937 D BackgroundInstallControlService: Package event received: 0
06-11 12:59:09.300   686   937 D BackgroundInstallControlService: Package event received: 0
06-11 12:59:09.300   686   937 D BackgroundInstallControlService: Package event received: 0
06-11 12:59:09.302   993  1021 V WindowManagerShell: onTransitionReady(transaction=2946347566177)
06-11 12:59:09.303   993  1057 V WindowManagerShell: onTransitionReady (#35) android.os.BinderProxy@e94a9c6: {id=35 t=CLOSE f=0x10 trk=0 r=[0@Point(0, 0)] c=[
06-11 12:59:09.303   993  1057 V WindowManagerShell:         {m=TO_FRONT f=SHOW_WALLPAPER|MOVE_TO_TOP leash=Surface(name=Task=1)/@0x87b98dd sb=Rect(0, 0 - 1080, 2400) eb=Rect(0, 0 - 1080, 2400) epz=Point(1080, 2400) d=0 taskParent=-1},
06-11 12:59:09.303   993  1057 V WindowManagerShell:         {m=CLOSE f=NONE leash=Surface(name=Task=56)/@0xd219c52 sb=Rect(0, 0 - 1080, 2400) eb=Rect(0, 0 - 1080, 2400) epz=Point(1080, 2400) d=0 taskParent=-1},
06-11 12:59:09.303   993  1057 V WindowManagerShell:         {m=TO_FRONT f=IS_WALLPAPER leash=Surface(name=WallpaperWindowToken{954f65a showWhenLocked=false})/@0xe5cbb23 sb=Rect(0, 0 - 1080, 2400) eb=Rect(0, 0 - 1080, 2400) epz=Point(1080, 2400) d=0}
06-11 12:59:09.303   993  1057 V WindowManagerShell:     ]}
06-11 12:59:09.303   993  1057 V WindowManagerShell: Playing animation for (#35) android.os.BinderProxy@e94a9c6@0
06-11 12:59:09.303   993  1057 V ShellRecents: RecentsTransitionHandler.startAnimation: no controller found
06-11 12:59:09.303   993  1057 V WindowManagerShell: Transition doesn't have explicit remote, search filters for match for {id=35 t=CLOSE f=0x10 trk=0 r=[0@Point(0, 0)] c=[{m=TO_FRONT f=SHOW_WALLPAPER|MOVE_TO_TOP leash=Surface(name=Task=1)/@0x87b98dd sb=Rect(0, 0 - 1080, 2400) eb=Rect(0, 0 - 1080, 2400) epz=Point(1080, 2400) d=0 taskParent=-1},{m=CLOSE f=NONE leash=Surface(name=Task=56)/@0xd219c52 sb=Rect(0, 0 - 1080, 2400) eb=Rect(0, 0 - 1080, 2400) epz=Point(1080, 2400) d=0 taskParent=-1},{m=TO_FRONT f=IS_WALLPAPER leash=Surface(name=WallpaperWindowToken{954f65a showWhenLocked=false})/@0xe5cbb23 sb=Rect(0, 0 - 1080, 2400) eb=Rect(0, 0 - 1080, 2400) epz=Point(1080, 2400) d=0}]}
06-11 12:59:09.303   993  1057 V WindowManagerShell:  Checking filter Pair{{types=[] flags=0x0] notFlags=0x0 checks=[{atype=undefined independent=true modes=[CLOSE,TO_BACK] flags=IN_TASK_WITH_EMBEDDED_ACTIVITY mustBeTask=false order=ANY topActivity=null launchCookie=null taskFragmentToken=android.os.BinderProxy@b0b5dd windowingMode=undefined}]} RemoteTransition { remoteTransition = android.window.IRemoteTransition$Stub$Proxy@894f552, appThread = android.app.IApplicationThread$Stub$Proxy@997a023, debugName = overlayBackTransition }}
06-11 12:59:09.303   993  1057 V WindowManagerShell:  Checking filter Pair{{types=[] flags=0x0] notFlags=0x0 checks=[{atype=dream independent=true modes=[OPEN,TO_FRONT] flags=NONE mustBeTask=false order=ANY topActivity=null launchCookie=null windowingMode=undefined},{atype=home independent=true modes=[CLOSE,TO_BACK] flags=NONE mustBeTask=false order=ANY topActivity=null launchCookie=null windowingMode=undefined}]} RemoteTransition { remoteTransition = android.window.IRemoteTransition$Stub$Proxy@66c0920, appThread = android.app.IApplicationThread$Stub$Proxy@587d2d9, debugName = LauncherToDream }}
06-11 12:59:09.304   993  1057 V WindowManagerShell:  Checking filter Pair{{types=[] flags=0x0] notFlags=0x100 checks=[{atype=home independent=true modes=[OPEN,TO_FRONT] flags=NONE mustBeTask=false order=TOP topActivity=ComponentInfo{com.google.android.apps.nexuslauncher/com.google.android.apps.nexuslauncher.NexusLauncherActivity} launchCookie=null windowingMode=undefined},{atype=standard independent=true modes=[CLOSE,TO_BACK] flags=NONE mustBeTask=false order=ANY topActivity=null launchCookie=null windowingMode=undefined},{NOT atype=undefined independent=true modes=[] flags=NONE mustBeTask=true order=ANY topActivity=null launchCookie=null customAnim=true windowingMode=undefined}]} RemoteTransition { remoteTransition = android.window.IRemoteTransition$Stub$Proxy@9e9149e, appThread = android.app.IApplicationThread$Stub$Proxy@cba1b7f, debugName = QuickstepLaunchHome }}
06-11 12:59:09.304   993  1057 D RemoteTransitionHandler: Found filterPair{{types=[] flags=0x0] notFlags=0x100 checks=[{atype=home independent=true modes=[OPEN,TO_FRONT] flags=NONE mustBeTask=false order=TOP topActivity=ComponentInfo{com.google.android.apps.nexuslauncher/com.google.android.apps.nexuslauncher.NexusLauncherActivity} launchCookie=null windowingMode=undefined},{atype=standard independent=true modes=[CLOSE,TO_BACK] flags=NONE mustBeTask=false order=ANY topActivity=null launchCookie=null windowingMode=undefined},{NOT atype=undefined independent=true modes=[] flags=NONE mustBeTask=true order=ANY topActivity=null launchCookie=null customAnim=true windowingMode=undefined}]} RemoteTransition { remoteTransition = android.window.IRemoteTransition$Stub$Proxy@9e9149e, appThread = android.app.IApplicationThread$Stub$Proxy@cba1b7f, debugName = QuickstepLaunchHome }}
06-11 12:59:09.304   993  1057 V WindowManagerShell:  Delegate animation for (#35) to RemoteTransition { remoteTransition = android.window.IRemoteTransition$Stub$Proxy@9e9149e, appThread = android.app.IApplicationThread$Stub$Proxy@cba1b7f, debugName = QuickstepLaunchHome }
06-11 12:59:09.310  1120  1120 D StateManager: createAtomicAnimation - fromState: Background, toState: Normal, partial trace:
06-11 12:59:09.310  1120  1120 D StateManager: 	at com.android.quickstep.util.WorkspaceRevealAnim.prepareToAnimate(go/retraceme ee19ec8c009da7af1d458e7d1683a6f5bf3b93b44f6674aa108e1a3e78584fe0:22)
06-11 12:59:09.310  1120  1120 D StateManager: 	at com.android.quickstep.util.WorkspaceRevealAnim.<init>(go/retraceme ee19ec8c009da7af1d458e7d1683a6f5bf3b93b44f6674aa108e1a3e78584fe0:11)
06-11 12:59:09.310  1120  1120 D StateManager: 	at com.android.launcher3.QuickstepTransitionManager.createWallpaperOpenAnimations(go/retraceme ee19ec8c009da7af1d458e7d1683a6f5bf3b93b44f6674aa108e1a3e78584fe0:339)
06-11 12:59:09.311  1120  1120 D b/311077782: LauncherAnimationRunner.setAnimation
06-11 12:59:09.314  1120  1179 D QuickstepModelDelegate: notifyAppTargetEvent action=1 launchLocation=workspace/0/[-1,-1]/[1,1]
06-11 12:59:09.320  1569  1849 I AiAiEcho: Predicting[0]:  [CONTEXT sampling_count=5 ]
06-11 12:59:09.320  1569  1849 I AiAiEcho: EchoTargets: 
06-11 12:59:09.320  1569  1849 I AiAiEcho: Filtered by AiAi flag check: 
06-11 12:59:09.320  1569  1849 I AiAiEcho: [CONTEXT ratelimit_period="10 SECONDS" ]
06-11 12:59:09.321  1120  1120 I NotificationListener: Handling notification state refresh for com.android.systemui#0
06-11 12:59:09.321  1120  1120 I NotificationListener: Handling notification state refresh for android#0
06-11 12:59:09.326  1569  1849 I AiAiEcho: #remoteViewsTwiddler: feature disabled.
06-11 12:59:09.327  1569  1849 I AiAiEcho: #postPredictionTargets: Sending updates to UISurface home with targets# 0 (types=[])
06-11 12:59:09.331  1120  1120 D SsBaseTemplateCard: No text view can be set up
06-11 12:59:09.331  1120  1120 D SsBaseTemplateCard: Passed-in item info is null
06-11 12:59:09.331  1120  1120 D SsBaseTemplateCard: Passed-in item info is null
06-11 12:59:09.331  1120  1120 D SsBaseTemplateCard: Passed-in item info is null
06-11 12:59:09.331  1120  1120 I SsBaseTemplateCard: Secondary card pane is null
06-11 12:59:09.368   530   530 E SurfaceFlinger: Out of order buffers detected for RequestedLayerState{com.google.android.apps.nexuslauncher/com.google.android.apps.nexuslauncher.NexusLauncherActivity#288 parentId=59} producedId=12 frameNumber=18 -> producedId=12 frameNumber=2
06-11 12:59:09.378   686   749 V WindowManager: Sent Transition (#35) createdAt=06-11 12:59:09.165 via request=TransitionRequestInfo { type = CLOSE, triggerTask = TaskInfo{userId=0 taskId=56 effectiveUid=10220 displayId=0 isRunning=true baseIntent=Intent { act=android.intent.action.MAIN cat=[android.intent.category.LAUNCHER] flg=0x30000000 cmp=com.ash.strefaciszy/.MainActivity } baseActivity=ComponentInfo{com.ash.strefaciszy/com.ash.strefaciszy.MainActivity} topActivity=ComponentInfo{com.ash.strefaciszy/com.ash.strefaciszy.MainActivity} origActivity=null realActivity=ComponentInfo{com.ash.strefaciszy/com.ash.strefaciszy.MainActivity} numActivities=1 lastActiveTime=1812277 supportsMultiWindow=true resizeMode=1 isResizeable=true minWidth=-1 minHeight=-1 defaultMinSize=220 token=WCT{RemoteToken{5f8b52f Task{fb06187 #56 type=standard I=com.ash.strefaciszy/.MainActivity}}} topActivityType=1 pictureInPictureParams=null shouldDockBigOverlays=false launchIntoPipHostTaskId=-1 lastParentTaskIdBeforePip=-1 displayCutoutSafeInsets=Rect(0, 0 - 0, 0) topActivityInfo=ActivityInfo{373a73c com.ash.strefaciszy.MainActivity} launchCookies=[] positionInParent=Point(0, 0) parentTaskId=-1 isFocused=true isVisible=true isVisibleRequested=true isTopActivityNoDisplay=false isSleeping=false locusId=null displayAreaFeatureId=1 isTopActivityTransparent=false isActivityStackTransparent=false lastNonFullscreenBounds=Rect(284, 660 - 796, 1740) capturedLink=null capturedLinkTimestamp=0 requestedVisibleTypes=-9 topActivityRequestOpenInBrowserEducationTimestamp=0 appCompatTaskInfo=AppCompatTaskInfo { topActivityInSizeCompat=false eligibleForLetterboxEducation= false isLetterboxEducationEnabled= true isLetterboxDoubleTapEnabled= false eligibleForUserAspectRatioButton= false topActivityBoundsLetterboxed= false isFromLetterboxDoubleTap= false topActivityLetterboxVerticalPosition= -1 topActivityLetterboxHorizontalPosition= -1 topActivityLetterboxWidth=-1 topActivityLetterboxHeight=-1 topActivityAppBounds=Rect(0, 0 - 1080, 2400) isUserFullscreenOverrideEnabled=false isSystemFullscreenOverrideEnabled=false hasMinAspectRatioOverride=false topActivityLetterboxBounds=null cameraCompatTaskInfo=CameraCompatTaskInfo { freeformCameraCompatMode=inactive}} topActivityMainWindowFrame=null}, pipChange = null, remoteTransition = null, displayChange = null, flags = 16, debugId = 35 }
06-11 12:59:09.379   686   749 V WindowManager:     startWCT=WindowContainerTransaction { changes= {} hops= [] errorCallbackToken=null taskFragmentOrganizer=null }
06-11 12:59:09.379   686   749 V WindowManager:     info={id=35 t=CLOSE f=0x10 trk=0 r=[0@Point(0, 0)] c=[
06-11 12:59:09.379   686   749 V WindowManager:         {WCT{RemoteToken{8c45cd2 Task{a82f423 #1 type=home}}} m=TO_FRONT f=SHOW_WALLPAPER|MOVE_TO_TOP leash=Surface(name=Task=1)/@0x43b7a9c sb=Rect(0, 0 - 1080, 2400) eb=Rect(0, 0 - 1080, 2400) epz=Point(1080, 2400) d=0 taskParent=-1},
06-11 12:59:09.379   686   749 V WindowManager:         {WCT{RemoteToken{5f8b52f Task{fb06187 #56 type=standard I=com.ash.strefaciszy/.MainActivity}}} m=CLOSE f=NONE leash=Surface(name=Task=56)/@0xdeb8736 sb=Rect(0, 0 - 1080, 2400) eb=Rect(0, 0 - 1080, 2400) epz=Point(1080, 2400) d=0 taskParent=-1},
06-11 12:59:09.379   686   749 V WindowManager:         {m=TO_FRONT f=IS_WALLPAPER leash=Surface(name=WallpaperWindowToken{954f65a showWhenLocked=false})/@0x4383a0f sb=Rect(0, 0 - 1080, 2400) eb=Rect(0, 0 - 1080, 2400) epz=Point(1080, 2400) d=0}
06-11 12:59:09.379   686   749 V WindowManager:     ]}
06-11 12:59:09.391   993  1057 V WindowManagerShell:  animated by com.android.wm.shell.transition.RemoteTransitionHandler@17b35ea
06-11 12:59:09.402   530   530 E SurfaceFlinger: Out of order buffers detected for RequestedLayerState{com.google.android.apps.nexuslauncher/com.google.android.apps.nexuslauncher.NexusLauncherActivity#288 parentId=59} producedId=12 frameNumber=18 -> producedId=12 frameNumber=3
06-11 12:59:09.409   993  1155 W WindowOnBackDispatcher: sendCancelIfRunning: isInProgress=false callback=android.view.ViewRootImpl$$ExternalSyntheticLambda13@d4273bb
06-11 12:59:09.409   686  1159 D CoreBackPreview: Window{b74ee6a u0 Splash Screen com.ash.strefaciszy EXITING}: Setting back callback null
06-11 12:59:09.427   603  5318 W IPCThreadState: Sending oneway calls to frozen process.
06-11 12:59:09.441   530   530 E SurfaceFlinger: Out of order buffers detected for RequestedLayerState{com.google.android.apps.nexuslauncher/com.google.android.apps.nexuslauncher.NexusLauncherActivity#288 parentId=59} producedId=12 frameNumber=18 -> producedId=12 frameNumber=4
06-11 12:59:09.462   686   847 I ImeTracker: com.google.android.apps.nexuslauncher:1325cbf4: onRequestHide at ORIGIN_SERVER reason HIDE_SAME_WINDOW_FOCUSED_WITHOUT_EDITOR fromUser false
06-11 12:59:09.464  2281  2281 I GoogleInputMethodService: GoogleInputMethodService.onFinishInput():1975 
06-11 12:59:09.471  2281  2281 I Module  : DeviceLockedStatusModuleProvider$Module.updateDeviceLockedStatus():100 repeatCheckTimes = 0, locked = false
06-11 12:59:09.472  2281  2281 I GoogleInputMethodService: GoogleInputMethodService.onStartInput():1247 onStartInput(EditorInfo{EditorInfo{packageName=com.google.android.apps.nexuslauncher, inputType=0, inputTypeString=NULL, enableLearning=false, autoCorrection=false, autoComplete=false, imeOptions=0, privateImeOptions=null, actionName=UNSPECIFIED, actionLabel=null, initialSelStart=-1, initialSelEnd=-1, initialCapsMode=0, label=null, fieldId=0, fieldName=null, extras=null, hintText=null, hintLocales=[]}}, false)
06-11 12:59:09.472  2281  2281 I Module  : DeviceLockedStatusModuleProvider$Module.updateDeviceLockedStatus():100 repeatCheckTimes = 1, locked = false
06-11 12:59:09.473   530   530 E SurfaceFlinger: Out of order buffers detected for RequestedLayerState{com.google.android.apps.nexuslauncher/com.google.android.apps.nexuslauncher.NexusLauncherActivity#288 parentId=59} producedId=12 frameNumber=18 -> producedId=12 frameNumber=5
06-11 12:59:09.473   686  2809 W PackageConfigPersister: App-specific configuration not found for packageName: com.google.android.apps.nexuslauncher and userId: 0
06-11 12:59:09.475  1120  1120 D InsetsController: hide(ime(), fromIme=false)
06-11 12:59:09.476  1120  1120 I ImeTracker: com.google.android.apps.nexuslauncher:1325cbf4: onCancelled at PHASE_CLIENT_ALREADY_HIDDEN
06-11 12:59:09.505   530   530 E SurfaceFlinger: Out of order buffers detected for RequestedLayerState{com.google.android.apps.nexuslauncher/com.google.android.apps.nexuslauncher.NexusLauncherActivity#288 parentId=59} producedId=12 frameNumber=18 -> producedId=12 frameNumber=6
06-11 12:59:09.535   530   530 E SurfaceFlinger: Out of order buffers detected for RequestedLayerState{com.google.android.apps.nexuslauncher/com.google.android.apps.nexuslauncher.NexusLauncherActivity#288 parentId=59} producedId=12 frameNumber=18 -> producedId=12 frameNumber=7
06-11 12:59:09.544  2093  2271 I .apps.wellbeing: AssetManager2(0x7c19322cc418) locale list changing from [] to [en-US]
06-11 12:59:09.565   530   530 E SurfaceFlinger: Out of order buffers detected for RequestedLayerState{com.google.android.apps.nexuslauncher/com.google.android.apps.nexuslauncher.NexusLauncherActivity#288 parentId=59} producedId=12 frameNumber=18 -> producedId=12 frameNumber=8
06-11 12:59:09.568  2093  2271 I .apps.wellbeing: AssetManager2(0x7c19322ccd78) locale list changing from [] to [en-US]
06-11 12:59:09.583  2093  2271 I .apps.wellbeing: AssetManager2(0x7c19322cd6d8) locale list changing from [] to [en-US]
06-11 12:59:09.595  2093  2271 I .apps.wellbeing: AssetManager2(0x7c19322d05b8) locale list changing from [] to [en-US]
06-11 12:59:09.603   530   530 E SurfaceFlinger: Out of order buffers detected for RequestedLayerState{com.google.android.apps.nexuslauncher/com.google.android.apps.nexuslauncher.NexusLauncherActivity#288 parentId=59} producedId=12 frameNumber=18 -> producedId=12 frameNumber=9
06-11 12:59:09.616  2093  2271 I .apps.wellbeing: AssetManager2(0x7c19322cd6d8) locale list changing from [] to [en-US]
06-11 12:59:09.621  2093  2271 I .apps.wellbeing: AssetManager2(0x7c19322cc418) locale list changing from [] to [en-US]
06-11 12:59:09.627  2093  2271 I .apps.wellbeing: AssetManager2(0x7c19322b9818) locale list changing from [] to [en-US]
06-11 12:59:09.632  2093  2271 I .apps.wellbeing: AssetManager2(0x7c19322bca18) locale list changing from [] to [en-US]
06-11 12:59:09.632   530   530 E SurfaceFlinger: Out of order buffers detected for RequestedLayerState{com.google.android.apps.nexuslauncher/com.google.android.apps.nexuslauncher.NexusLauncherActivity#288 parentId=59} producedId=12 frameNumber=18 -> producedId=12 frameNumber=10
06-11 12:59:09.652  2093  2271 I .apps.wellbeing: AssetManager2(0x7c19322c75f8) locale list changing from [] to [en-US]
06-11 12:59:09.662  2093  2271 I .apps.wellbeing: AssetManager2(0x7c19322cc738) locale list changing from [] to [en-US]
06-11 12:59:09.668   530   530 E SurfaceFlinger: Out of order buffers detected for RequestedLayerState{com.google.android.apps.nexuslauncher/com.google.android.apps.nexuslauncher.NexusLauncherActivity#288 parentId=59} producedId=12 frameNumber=18 -> producedId=12 frameNumber=11
06-11 12:59:09.669  1120  1120 D WorkspaceRevealAnim: onAnimationEnd: workspace alpha = 1.0
06-11 12:59:09.670   993  1057 V WindowManagerShell: Transition animation finished (aborted=false), notifying core (#35) android.os.BinderProxy@e94a9c6@0
06-11 12:59:09.671   686   749 V WindowManager: Finish Transition (#35): created at 06-11 12:59:09.165 collect-started=0.182ms request-sent=0.571ms started=53.081ms ready=132.318ms sent=134.811ms commit=19.122ms finished=505.116ms
06-11 12:59:09.674   993  1057 V WindowManagerShell: Track 0 became idle
06-11 12:59:09.674   993  1057 V WindowManagerShell: All active transition animations finished
06-11 12:59:09.676   686   752 W ActivityTaskManager: Activity top resumed state loss timeout for ActivityRecord{52694470 u0 com.ash.strefaciszy/.MainActivity t-1 f}}
06-11 12:59:09.693   686  4563 W HWUI    : Failed to initialize 101010-2 format, error = EGL_SUCCESS
06-11 12:59:09.706   530   530 E SurfaceFlinger: Out of order buffers detected for RequestedLayerState{com.google.android.apps.nexuslauncher/com.google.android.apps.nexuslauncher.NexusLauncherActivity#288 parentId=59} producedId=12 frameNumber=18 -> producedId=12 frameNumber=12
06-11 12:59:09.707  1120  1120 D RecentsView: onTaskRemoved: 56, not handling task stack changes
06-11 12:59:09.707  1120  1120 D RecentsView: onTaskRemoved: 56, not handling task stack changes
06-11 12:59:09.733  2093  2271 I .apps.wellbeing: AssetManager2(0x7c19322bfc18) locale list changing from [] to [en-US]
06-11 12:59:09.737  2093  2271 I .apps.wellbeing: AssetManager2(0x7c19322c2e18) locale list changing from [] to [en-US]
06-11 12:59:09.738   530   530 E SurfaceFlinger: Out of order buffers detected for RequestedLayerState{com.google.android.apps.nexuslauncher/com.google.android.apps.nexuslauncher.NexusLauncherActivity#288 parentId=59} producedId=12 frameNumber=18 -> producedId=12 frameNumber=13
06-11 12:59:09.805  2093  2271 I .apps.wellbeing: AssetManager2(0x7c19322b6938) locale list changing from [] to [en-US]
06-11 12:59:09.834  2093  2271 I .apps.wellbeing: AssetManager2(0x7c19322ba7b8) locale list changing from [] to [en-US]
06-11 12:59:09.916  2093  2271 I .apps.wellbeing: AssetManager2(0x7c19322ab0d8) locale list changing from [] to [en-US]
06-11 12:59:09.929  2093  2271 I .apps.wellbeing: AssetManager2(0x7c19322a7bb8) locale list changing from [] to [en-US]
06-11 12:59:09.938  2093  2271 I .apps.wellbeing: AssetManager2(0x7c19322aba38) locale list changing from [] to [en-US]
06-11 12:59:09.941  2093  2271 I .apps.wellbeing: AssetManager2(0x7c19322a3d38) locale list changing from [] to [en-US]
06-11 12:59:09.951  2093  2271 I .apps.wellbeing: AssetManager2(0x7c19322a9af8) locale list changing from [] to [en-US]
06-11 12:59:09.958  2093  2271 I .apps.wellbeing: AssetManager2(0x7c19322a7ed8) locale list changing from [] to [en-US]
06-11 12:59:09.967  2093  2271 I .apps.wellbeing: AssetManager2(0x7c19322aa138) locale list changing from [] to [en-US]
06-11 12:59:09.970  2093  2271 I .apps.wellbeing: AssetManager2(0x7c19322a8518) locale list changing from [] to [en-US]
06-11 12:59:10.009  2093  2271 I .apps.wellbeing: AssetManager2(0x7c19322a5318) locale list changing from [] to [en-US]
06-11 12:59:10.013  2093  2271 I .apps.wellbeing: AssetManager2(0x7c19322ab3f8) locale list changing from [] to [en-US]
06-11 12:59:10.017  2093  2271 I .apps.wellbeing: AssetManager2(0x7c19322ac398) locale list changing from [] to [en-US]
06-11 12:59:10.019  2093  2271 I .apps.wellbeing: AssetManager2(0x7c19322aa778) locale list changing from [] to [en-US]
06-11 12:59:10.024  2093  2271 I .apps.wellbeing: AssetManager2(0x7c19322c7f58) locale list changing from [] to [en-US]
06-11 12:59:10.083  2093  2271 I .apps.wellbeing: AssetManager2(0x7c19322c4a38) locale list changing from [] to [en-US]
06-11 12:59:10.086  2093  2271 I .apps.wellbeing: AssetManager2(0x7c19322c8ef8) locale list changing from [] to [en-US]
06-11 12:59:10.087  2093  2271 I .apps.wellbeing: AssetManager2(0x7c19322ca1b8) locale list changing from [] to [en-US]
06-11 12:59:10.089  2093  2271 I .apps.wellbeing: AssetManager2(0x7c19322b2158) locale list changing from [] to [en-US]
06-11 12:59:10.091  2093  2271 I .apps.wellbeing: AssetManager2(0x7c19322b78d8) locale list changing from [] to [en-US]
06-11 12:59:10.092  2093  2271 I .apps.wellbeing: AssetManager2(0x7c19322c0258) locale list changing from [] to [en-US]
06-11 12:59:10.096  2093  2271 I .apps.wellbeing: AssetManager2(0x7c19322c0ed8) locale list changing from [] to [en-US]
06-11 12:59:10.110  2093  2271 I .apps.wellbeing: AssetManager2(0x7c19322aef58) locale list changing from [] to [en-US]
06-11 12:59:10.119  2093  2271 I .apps.wellbeing: AssetManager2(0x7c19322a65d8) locale list changing from [] to [en-US]
06-11 12:59:10.122  2093  2271 I .apps.wellbeing: AssetManager2(0x7c19322a97d8) locale list changing from [] to [en-US]
06-11 12:59:10.137  2093  2271 I .apps.wellbeing: AssetManager2(0x7c19322aaa98) locale list changing from [] to [en-US]
06-11 12:59:10.141  2093  2271 I .apps.wellbeing: AssetManager2(0x7c19322a6c18) locale list changing from [] to [en-US]
06-11 12:59:10.143  2093  2271 I .apps.wellbeing: AssetManager2(0x7c19322a5638) locale list changing from [] to [en-US]
06-11 12:59:10.147  2093  2271 I .apps.wellbeing: AssetManager2(0x7c19322b0218) locale list changing from [] to [en-US]
06-11 12:59:10.156  2093  2271 I .apps.wellbeing: AssetManager2(0x7c193229feb8) locale list changing from [] to [en-US]
06-11 12:59:10.161  2093  2271 I .apps.wellbeing: AssetManager2(0x7c19322adfb8) locale list changing from [] to [en-US]
06-11 12:59:10.164  2093  2271 I .apps.wellbeing: AssetManager2(0x7c19322accf8) locale list changing from [] to [en-US]
06-11 12:59:10.165  2093  2271 I .apps.wellbeing: AssetManager2(0x7c19322b1b18) locale list changing from [] to [en-US]
06-11 12:59:10.166  2093  2271 I .apps.wellbeing: AssetManager2(0x7c19322afef8) locale list changing from [] to [en-US]
06-11 12:59:10.167  2093  2271 I .apps.wellbeing: AssetManager2(0x7c19322b30f8) locale list changing from [] to [en-US]
06-11 12:59:10.168  2093  2271 I .apps.wellbeing: AssetManager2(0x7c19322afbd8) locale list changing from [] to [en-US]
06-11 12:59:10.169  2093  2271 I .apps.wellbeing: AssetManager2(0x7c19322b2798) locale list changing from [] to [en-US]
06-11 12:59:10.172  2093  2271 I .apps.wellbeing: AssetManager2(0x7c19322ad658) locale list changing from [] to [en-US]
06-11 12:59:10.174  2093  2271 I .apps.wellbeing: AssetManager2(0x7c19322b2dd8) locale list changing from [] to [en-US]
06-11 12:59:10.176  2093  2271 I .apps.wellbeing: AssetManager2(0x7c19322af8b8) locale list changing from [] to [en-US]
06-11 12:59:10.178  2093  2271 I .apps.wellbeing: AssetManager2(0x7c19322a81f8) locale list changing from [] to [en-US]
06-11 12:59:10.184  2093  2271 I .apps.wellbeing: AssetManager2(0x7c193229ebf8) locale list changing from [] to [en-US]
06-11 12:59:10.188  2093  2271 I .apps.wellbeing: AssetManager2(0x7c19322b0538) locale list changing from [] to [en-US]
06-11 12:59:10.190  2093  2271 I .apps.wellbeing: AssetManager2(0x7c19322a5c78) locale list changing from [] to [en-US]
06-11 12:59:10.191  2093  2271 I .apps.wellbeing: AssetManager2(0x7c19322b2478) locale list changing from [] to [en-US]
06-11 12:59:10.192  2093  2271 I .apps.wellbeing: AssetManager2(0x7c19322abd58) locale list changing from [] to [en-US]
06-11 12:59:10.195  2093  2271 I .apps.wellbeing: AssetManager2(0x7c19322b3418) locale list changing from [] to [en-US]
06-11 12:59:10.198  2093  2271 I .apps.wellbeing: AssetManager2(0x7c193229fb98) locale list changing from [] to [en-US]
06-11 12:59:10.202  2093  2271 I .apps.wellbeing: AssetManager2(0x7c19322b0858) locale list changing from [] to [en-US]
06-11 12:59:10.236  2093  2271 I .apps.wellbeing: AssetManager2(0x7c19322b17f8) locale list changing from [] to [en-US]
06-11 12:59:10.243  2093  2271 I .apps.wellbeing: AssetManager2(0x7c19322ac078) locale list changing from [] to [en-US]
06-11 12:59:10.247  2093  2271 I .apps.wellbeing: AssetManager2(0x7c19322aec38) locale list changing from [] to [en-US]
06-11 12:59:10.250  2093  2271 I .apps.wellbeing: AssetManager2(0x7c19322adc98) locale list changing from [] to [en-US]
06-11 12:59:10.256  2093  2271 I .apps.wellbeing: AssetManager2(0x7c19322a30b8) locale list changing from [] to [en-US]
06-11 12:59:10.258  2093  2271 I .apps.wellbeing: AssetManager2(0x7c19322ad018) locale list changing from [] to [en-US]
06-11 12:59:10.259  2093  2271 I .apps.wellbeing: AssetManager2(0x7c19322ae918) locale list changing from [] to [en-US]
06-11 12:59:10.267  2093  2271 I .apps.wellbeing: AssetManager2(0x7c19322b4d18) locale list changing from [] to [en-US]
06-11 12:59:10.269  2093  2271 I .apps.wellbeing: AssetManager2(0x7c19322b3a58) locale list changing from [] to [en-US]
06-11 12:59:10.272  2093  2271 I .apps.wellbeing: AssetManager2(0x7c19322a7578) locale list changing from [] to [en-US]
06-11 12:59:10.274  2093  2271 I .apps.wellbeing: AssetManager2(0x7c19322c0bb8) locale list changing from [] to [en-US]
06-11 12:59:10.289  2093  2271 I .apps.wellbeing: AssetManager2(0x7c19322b8b98) locale list changing from [] to [en-US]
06-11 12:59:10.293  2093  2271 I .apps.wellbeing: AssetManager2(0x7c19322c6fb8) locale list changing from [] to [en-US]
06-11 12:59:10.298  2093  2271 I .apps.wellbeing: AssetManager2(0x7c19322c59d8) locale list changing from [] to [en-US]
06-11 12:59:10.300  2093  2271 I .apps.wellbeing: AssetManager2(0x7c19322c8278) locale list changing from [] to [en-US]
06-11 12:59:10.302  2093  2271 I .apps.wellbeing: AssetManager2(0x7c19322c43f8) locale list changing from [] to [en-US]
06-11 12:59:10.309  2093  2271 I .apps.wellbeing: AssetManager2(0x7c19322c8598) locale list changing from [] to [en-US]
06-11 12:59:10.312  2093  2271 I .apps.wellbeing: AssetManager2(0x7c19322c1e78) locale list changing from [] to [en-US]
06-11 12:59:10.318  2093  2271 I .apps.wellbeing: AssetManager2(0x7c19322d08d8) locale list changing from [] to [en-US]
06-11 12:59:10.325  2093  2271 I .apps.wellbeing: AssetManager2(0x7c19322bd9b8) locale list changing from [] to [en-US]
06-11 12:59:10.330  2093  2271 I .apps.wellbeing: AssetManager2(0x7c19322ba178) locale list changing from [] to [en-US]
06-11 12:59:10.333  2093  2271 I .apps.wellbeing: AssetManager2(0x7c19322cbab8) locale list changing from [] to [en-US]
06-11 12:59:10.340  2093  2271 I .apps.wellbeing: AssetManager2(0x7c19322b91d8) locale list changing from [] to [en-US]
06-11 12:59:10.342  2093  2271 I .apps.wellbeing: AssetManager2(0x7c19322b5038) locale list changing from [] to [en-US]
06-11 12:59:10.343  2093  2271 I .apps.wellbeing: AssetManager2(0x7c19322b8eb8) locale list changing from [] to [en-US]
06-11 12:59:10.344  2093  2271 I .apps.wellbeing: AssetManager2(0x7c19322b62f8) locale list changing from [] to [en-US]
06-11 12:59:10.347  2093  2271 I .apps.wellbeing: AssetManager2(0x7c19322b5998) locale list changing from [] to [en-US]
06-11 12:59:10.348  2093  2271 I .apps.wellbeing: AssetManager2(0x7c19322b8238) locale list changing from [] to [en-US]
06-11 12:59:10.349  2093  2271 I .apps.wellbeing: AssetManager2(0x7c19322b3d78) locale list changing from [] to [en-US]
06-11 12:59:10.361  2093  2271 I .apps.wellbeing: AssetManager2(0x7c19322b4098) locale list changing from [] to [en-US]
06-11 12:59:10.409  2093  2271 I .apps.wellbeing: AssetManager2(0x7c19322b3738) locale list changing from [] to [en-US]
06-11 12:59:10.414  2093  2271 I .apps.wellbeing: AssetManager2(0x7c19322b8878) locale list changing from [] to [en-US]
06-11 12:59:10.425  2093  2271 I .apps.wellbeing: AssetManager2(0x7c19322b94f8) locale list changing from [] to [en-US]
06-11 12:59:10.469  2093  2271 I .apps.wellbeing: AssetManager2(0x7c19322b5fd8) locale list changing from [] to [en-US]
06-11 12:59:10.475  2093  2271 I .apps.wellbeing: AssetManager2(0x7c19322b8558) locale list changing from [] to [en-US]
06-11 12:59:10.480  2093  2271 I .apps.wellbeing: AssetManager2(0x7c19322b6c58) locale list changing from [] to [en-US]
06-11 12:59:10.486  2093  2271 I .apps.wellbeing: AssetManager2(0x7c19322b6618) locale list changing from [] to [en-US]
06-11 12:59:10.491  2093  2271 I .apps.wellbeing: AssetManager2(0x7c19322b9e58) locale list changing from [] to [en-US]
06-11 12:59:10.503  2093  2271 I .apps.wellbeing: AssetManager2(0x7c19322b43b8) locale list changing from [] to [en-US]
06-11 12:59:10.797   686  1662 E TaskPersister: File error accessing recents directory (directory doesn't exist?).
