--------- beginning of main
06-11 12:58:49.212  1101  1286 D SatelliteController: iisInCarrierRoamingNbIotNtn: satellite is disabled
06-11 12:58:49.990  1596  1990 I batq    : (REDACTED) getHotwordActive::active query: %s, watch: %s, devices connected: %s
06-11 12:58:56.873   686   771 E system_server: updateValue is called with a value 8604, which is lower than the previous value 8624
--------- beginning of system
06-11 12:58:56.890   686   771 E BluetoothPowerStatsCollector: Cannot acquire BluetoothActivityEnergyInfo
06-11 12:58:56.890   686   771 E BluetoothPowerStatsCollector: java.util.concurrent.ExecutionException: java.lang.RuntimeException: error: 11
06-11 12:58:56.890   686   771 E BluetoothPowerStatsCollector: 	at java.util.concurrent.CompletableFuture.reportGet(CompletableFuture.java:372)
06-11 12:58:56.890   686   771 E BluetoothPowerStatsCollector: 	at java.util.concurrent.CompletableFuture.get(CompletableFuture.java:2072)
06-11 12:58:56.890   686   771 E BluetoothPowerStatsCollector: 	at com.android.server.power.stats.BluetoothPowerStatsCollector.collectBluetoothActivityInfo(BluetoothPowerStatsCollector.java:192)
06-11 12:58:56.890   686   771 E BluetoothPowerStatsCollector: 	at com.android.server.power.stats.BluetoothPowerStatsCollector.collectStats(BluetoothPowerStatsCollector.java:155)
06-11 12:58:56.890   686   771 E BluetoothPowerStatsCollector: 	at com.android.server.power.stats.PowerStatsCollector.collectAndDeliverStats(PowerStatsCollector.java:176)
06-11 12:58:56.890   686   771 E BluetoothPowerStatsCollector: 	at com.android.server.power.stats.PowerStatsCollector$$ExternalSyntheticLambda0.run(R8$$SyntheticClass:0)
06-11 12:58:56.890   686   771 E BluetoothPowerStatsCollector: 	at android.os.Handler.handleCallback(Handler.java:995)
06-11 12:58:56.890   686   771 E BluetoothPowerStatsCollector: 	at android.os.Handler.dispatchMessage(Handler.java:103)
06-11 12:58:56.890   686   771 E BluetoothPowerStatsCollector: 	at android.os.Looper.loopOnce(Looper.java:248)
06-11 12:58:56.890   686   771 E BluetoothPowerStatsCollector: 	at android.os.Looper.loop(Looper.java:338)
06-11 12:58:56.890   686   771 E BluetoothPowerStatsCollector: 	at android.os.HandlerThread.run(HandlerThread.java:85)
06-11 12:58:56.890   686   771 E BluetoothPowerStatsCollector: Caused by: java.lang.RuntimeException: error: 11
06-11 12:58:56.890   686   771 E BluetoothPowerStatsCollector: 	at com.android.server.power.stats.BluetoothPowerStatsCollector$1.onBluetoothActivityEnergyInfoError(BluetoothPowerStatsCollector.java:181)
06-11 12:58:56.890   686   771 E BluetoothPowerStatsCollector: 	at android.bluetooth.BluetoothAdapter$OnBluetoothActivityEnergyInfoProxy.lambda$onBluetoothActivityEnergyInfoAvailable$0(BluetoothAdapter.java:1037)
06-11 12:58:56.890   686   771 E BluetoothPowerStatsCollector: 	at android.bluetooth.BluetoothAdapter$OnBluetoothActivityEnergyInfoProxy$$ExternalSyntheticLambda1.run(D8$$SyntheticClass:0)
06-11 12:58:56.890   686   771 E BluetoothPowerStatsCollector: 	at android.bluetooth.BluetoothUtils.lambda$executeFromBinder$0(BluetoothUtils.java:343)
06-11 12:58:56.890   686   771 E BluetoothPowerStatsCollector: 	at android.bluetooth.BluetoothUtils$$ExternalSyntheticLambda1.run(D8$$SyntheticClass:0)
06-11 12:58:56.890   686   771 E BluetoothPowerStatsCollector: 	at com.android.server.SystemServerInitThreadPool$$ExternalSyntheticLambda0.execute(R8$$SyntheticClass:0)
06-11 12:58:56.890   686   771 E BluetoothPowerStatsCollector: 	at android.bluetooth.BluetoothUtils.executeFromBinder(BluetoothUtils.java:343)
06-11 12:58:56.890   686   771 E BluetoothPowerStatsCollector: 	at android.bluetooth.BluetoothAdapter$OnBluetoothActivityEnergyInfoProxy.onBluetoothActivityEnergyInfoAvailable(BluetoothAdapter.java:1035)
06-11 12:58:56.890   686   771 E BluetoothPowerStatsCollector: 	at android.bluetooth.IBluetoothActivityEnergyInfoListener$Stub.onTransact(IBluetoothActivityEnergyInfoListener.java:98)
06-11 12:58:56.890   686   771 E BluetoothPowerStatsCollector: 	at android.os.Binder.execTransactInternal(Binder.java:1426)
06-11 12:58:56.890   686   771 E BluetoothPowerStatsCollector: 	at android.os.Binder.execTransact(Binder.java:1365)
06-11 12:58:56.905   686  1563 D TelephonyManager: requestModemActivityInfo: Sending result to app: ModemActivityInfo{ mTimestamp=1800057 mSleepTimeMs=252 mIdleTimeMs=84 mActivityStatsTechSpecificInfo=[{mRat=UNKNOWN,mFrequencyRange=UNKNOWN,mTxTimeMs[]=[6, 18, 36, 48, 54],mRxTimeMs=54}]}
06-11 12:58:59.212  1101  1286 D SatelliteController: iisInCarrierRoamingNbIotNtn: satellite is disabled
06-11 12:59:06.172   686  1321 I ActivityManager: Force stopping com.ash.strefaciszy appid=10220 user=0: from pid 5902
06-11 12:59:06.173   686  1321 W IPCThreadState: Sending oneway calls to frozen process.
06-11 12:59:06.173   686  1321 W IPCThreadState: Sending oneway calls to frozen process.
06-11 12:59:06.173   686  1321 W IPCThreadState: Sending oneway calls to frozen process.
06-11 12:59:06.173   686  1321 W IPCThreadState: Sending oneway calls to frozen process.
06-11 12:59:06.173   686  1321 W IPCThreadState: Sending oneway calls to frozen process.
06-11 12:59:06.173   686  1321 W IPCThreadState: Sending oneway calls to frozen process.
06-11 12:59:06.173   686  1321 W IPCThreadState: Sending oneway calls to frozen process.
06-11 12:59:06.173   686  1321 W IPCThreadState: Sending oneway calls to frozen process.
06-11 12:59:06.173   686  1321 W IPCThreadState: Sending oneway calls to frozen process.
06-11 12:59:06.173   686  1321 W IPCThreadState: Sending oneway calls to frozen process.
06-11 12:59:06.173   686  1321 W IPCThreadState: Sending oneway calls to frozen process.
06-11 12:59:06.173   686  1321 W IPCThreadState: Sending oneway calls to frozen process.
06-11 12:59:06.173   686  1321 W IPCThreadState: Sending oneway calls to frozen process.
06-11 12:59:06.173   686  1321 W IPCThreadState: Sending oneway calls to frozen process.
06-11 12:59:06.173   686  1321 W IPCThreadState: Sending oneway calls to frozen process.
06-11 12:59:06.173   686  1321 W IPCThreadState: Sending oneway calls to frozen process.
06-11 12:59:06.173   686  1321 W IPCThreadState: Sending oneway calls to frozen process.
06-11 12:59:06.174   686  1321 W IPCThreadState: Sending oneway calls to frozen process.
06-11 12:59:06.174   686  1321 W IPCThreadState: Sending oneway calls to frozen process.
06-11 12:59:06.174   686  1321 W IPCThreadState: Sending oneway calls to frozen process.
06-11 12:59:06.174   686  1321 W IPCThreadState: Sending oneway calls to frozen process.
06-11 12:59:06.174   686  1321 W IPCThreadState: Sending oneway calls to frozen process.
06-11 12:59:06.174   686  1321 W IPCThreadState: Sending oneway calls to frozen process.
06-11 12:59:06.174   686  1321 W IPCThreadState: Sending oneway calls to frozen process.
06-11 12:59:06.174   686  1321 W IPCThreadState: Sending oneway calls to frozen process.
06-11 12:59:06.174   686  1321 W IPCThreadState: Sending oneway calls to frozen process.
06-11 12:59:06.174   686  1321 W IPCThreadState: Sending oneway calls to frozen process.
06-11 12:59:06.174   686  1321 W IPCThreadState: Sending oneway calls to frozen process.
06-11 12:59:06.174   686  1321 W IPCThreadState: Sending oneway calls to frozen process.
06-11 12:59:06.174   686  1321 W IPCThreadState: Sending oneway calls to frozen process.
06-11 12:59:06.174   686  1321 W IPCThreadState: Sending oneway calls to frozen process.
06-11 12:59:06.174   686  1321 W IPCThreadState: Sending oneway calls to frozen process.
06-11 12:59:06.174   686  1321 W IPCThreadState: Sending oneway calls to frozen process.
06-11 12:59:06.174   686  1321 W IPCThreadState: Sending oneway calls to frozen process.
06-11 12:59:06.174   686  1321 W IPCThreadState: Sending oneway calls to frozen process.
06-11 12:59:06.174   686  1321 W IPCThreadState: Sending oneway calls to frozen process.
06-11 12:59:06.174   686  1321 W IPCThreadState: Sending oneway calls to frozen process.
06-11 12:59:06.174   686  1321 W IPCThreadState: Sending oneway calls to frozen process.
06-11 12:59:06.174   686  1321 W IPCThreadState: Sending oneway calls to frozen process.
06-11 12:59:06.174   686  1321 W IPCThreadState: Sending oneway calls to frozen process.
06-11 12:59:06.174   686  1321 W IPCThreadState: Sending oneway calls to frozen process.
06-11 12:59:06.174   686  1321 W IPCThreadState: Sending oneway calls to frozen process.
06-11 12:59:06.174   686  1321 W IPCThreadState: Sending oneway calls to frozen process.
06-11 12:59:06.174   686  1321 W IPCThreadState: Sending oneway calls to frozen process.
06-11 12:59:06.174   686  1321 W IPCThreadState: Sending oneway calls to frozen process.
06-11 12:59:06.174   686  1321 W IPCThreadState: Sending oneway calls to frozen process.
06-11 12:59:06.174   686  1321 W IPCThreadState: Sending oneway calls to frozen process.
06-11 12:59:06.174   686  1321 W IPCThreadState: Sending oneway calls to frozen process.
06-11 12:59:06.174   686  1321 W IPCThreadState: Sending oneway calls to frozen process.
06-11 12:59:06.174   686  1321 W IPCThreadState: Sending oneway calls to frozen process.
06-11 12:59:06.176   686  1321 I AppsFilter: interaction: PackageSetting{ca8949b com.android.microdroid.empty_payload/10200} -> PackageSetting{ab5b0d com.ash.strefaciszy/10220} BLOCKED
06-11 12:59:06.176   686  1321 I AppsFilter: interaction: PackageSetting{e7c4811 com.ashapp.horsevibe/10215} -> PackageSetting{ab5b0d com.ash.strefaciszy/10220} BLOCKED
06-11 12:59:06.176   686  1321 I AppsFilter: interaction: PackageSetting{4f1df77 com.example.strefa_ciszy/10216} -> PackageSetting{ab5b0d com.ash.strefaciszy/10220} BLOCKED
06-11 12:59:06.179  1101  1101 D CarrierSvcBindHelper: onHandleForceStop: [com.ash.strefaciszy]
06-11 12:59:06.181  1101  1101 D CarrierSvcBindHelper: No carrier app for: 0
06-11 12:59:06.187   686   848 I system_server: AssetManager2(0x7c1932337df8) locale list changing from [] to [en-US]
06-11 12:59:06.192  4169  4169 I abb     : StartCommandInProcess(73657474696e67730067657400676c6f settings.get.glo [truncated])
06-11 12:59:06.194  4169  4169 I abb     : StartCommandInProcess(7061636b61676500696e7374616c6c00 package.install. [truncated])
06-11 12:59:06.191   686   686 W binder:686_D: type=1400 audit(0.0:99): avc:  denied  { getopt } for  scontext=u:r:system_server:s0 tcontext=u:r:shell:s0 tclass=unix_stream_socket permissive=0
06-11 12:59:06.191   686   686 W binder:686_D: type=1400 audit(0.0:100): avc:  denied  { getopt } for  scontext=u:r:system_server:s0 tcontext=u:r:shell:s0 tclass=unix_stream_socket permissive=0
06-11 12:59:06.191   686   686 W binder:686_D: type=1400 audit(0.0:101): avc:  denied  { getopt } for  scontext=u:r:system_server:s0 tcontext=u:r:shell:s0 tclass=unix_stream_socket permissive=0
06-11 12:59:06.199   686   848 I system_server: AssetManager2(0x7c19324207d8) locale list changing from [] to [en-US]
06-11 12:59:06.201   686   804 W IPCThreadState: Sending oneway calls to frozen process.
06-11 12:59:06.204   686   804 W IPCThreadState: Sending oneway calls to frozen process.
06-11 12:59:06.212   686   804 W IPCThreadState: Sending oneway calls to frozen process.
06-11 12:59:06.214   686   804 W IPCThreadState: Sending oneway calls to frozen process.
06-11 12:59:06.218   686   804 W IPCThreadState: Sending oneway calls to frozen process.
06-11 12:59:06.219   686   804 W IPCThreadState: Sending oneway calls to frozen process.
06-11 12:59:06.222   686   804 W IPCThreadState: Sending oneway calls to frozen process.
06-11 12:59:06.223   686   804 W IPCThreadState: Sending oneway calls to frozen process.
06-11 12:59:06.224   686   804 W IPCThreadState: Sending oneway calls to frozen process.
06-11 12:59:06.227   686   804 W IPCThreadState: Sending oneway calls to frozen process.
06-11 12:59:06.230   686   804 W IPCThreadState: Sending oneway calls to frozen process.
06-11 12:59:06.231   686   804 W IPCThreadState: Sending oneway calls to frozen process.
06-11 12:59:06.232   686   804 W IPCThreadState: Sending oneway calls to frozen process.
06-11 12:59:06.235   686   804 W IPCThreadState: Sending oneway calls to frozen process.
06-11 12:59:06.238   686   804 W IPCThreadState: Sending oneway calls to frozen process.
06-11 12:59:06.244   686   804 W IPCThreadState: Sending oneway calls to frozen process.
06-11 12:59:06.247   686   804 W IPCThreadState: Sending oneway calls to frozen process.
06-11 12:59:06.249   686   804 W IPCThreadState: Sending oneway calls to frozen process.
06-11 12:59:06.252   686   804 W IPCThreadState: Sending oneway calls to frozen process.
06-11 12:59:06.256   686   804 W IPCThreadState: Sending oneway calls to frozen process.
06-11 12:59:06.258   686   804 W IPCThreadState: Sending oneway calls to frozen process.
06-11 12:59:06.262   686   804 W IPCThreadState: Sending oneway calls to frozen process.
06-11 12:59:06.265   686   804 W IPCThreadState: Sending oneway calls to frozen process.
06-11 12:59:06.269   686   804 W IPCThreadState: Sending oneway calls to frozen process.
06-11 12:59:06.271   686   804 W IPCThreadState: Sending oneway calls to frozen process.
06-11 12:59:06.274   686   804 W IPCThreadState: Sending oneway calls to frozen process.
06-11 12:59:06.278   686   804 W IPCThreadState: Sending oneway calls to frozen process.
06-11 12:59:06.281   686   804 W IPCThreadState: Sending oneway calls to frozen process.
06-11 12:59:06.285   686   804 W IPCThreadState: Sending oneway calls to frozen process.
06-11 12:59:06.290   686   804 W IPCThreadState: Sending oneway calls to frozen process.
06-11 12:59:06.293   686   804 W IPCThreadState: Sending oneway calls to frozen process.
06-11 12:59:06.296   686   804 W IPCThreadState: Sending oneway calls to frozen process.
06-11 12:59:06.301   686   804 W IPCThreadState: Sending oneway calls to frozen process.
06-11 12:59:06.304   686   804 W IPCThreadState: Sending oneway calls to frozen process.
06-11 12:59:06.312   686   804 W IPCThreadState: Sending oneway calls to frozen process.
06-11 12:59:06.315   686   804 W IPCThreadState: Sending oneway calls to frozen process.
06-11 12:59:06.322   686   804 W IPCThreadState: Sending oneway calls to frozen process.
06-11 12:59:06.325   686   804 W IPCThreadState: Sending oneway calls to frozen process.
06-11 12:59:06.331   686   804 W IPCThreadState: Sending oneway calls to frozen process.
06-11 12:59:06.335   686   804 W IPCThreadState: Sending oneway calls to frozen process.
06-11 12:59:06.347   686   804 W IPCThreadState: Sending oneway calls to frozen process.
06-11 12:59:06.354   686   804 W IPCThreadState: Sending oneway calls to frozen process.
06-11 12:59:06.356   686   804 W IPCThreadState: Sending oneway calls to frozen process.
06-11 12:59:06.361   686   804 W IPCThreadState: Sending oneway calls to frozen process.
06-11 12:59:06.363   686   804 W IPCThreadState: Sending oneway calls to frozen process.
06-11 12:59:06.364   686   804 W IPCThreadState: Sending oneway calls to frozen process.
06-11 12:59:06.366   686   804 W IPCThreadState: Sending oneway calls to frozen process.
06-11 12:59:06.367   686   804 W IPCThreadState: Sending oneway calls to frozen process.
06-11 12:59:06.368   686   804 W IPCThreadState: Sending oneway calls to frozen process.
06-11 12:59:06.370   686   804 W IPCThreadState: Sending oneway calls to frozen process.
06-11 12:59:06.371   686   804 W IPCThreadState: Sending oneway calls to frozen process.
06-11 12:59:06.371   686   804 W IPCThreadState: Sending oneway calls to frozen process.
06-11 12:59:06.372   686   804 W IPCThreadState: Sending oneway calls to frozen process.
06-11 12:59:06.373   686   804 W IPCThreadState: Sending oneway calls to frozen process.
06-11 12:59:06.374   686   804 W IPCThreadState: Sending oneway calls to frozen process.
06-11 12:59:06.375   686   804 W IPCThreadState: Sending oneway calls to frozen process.
06-11 12:59:06.375   686   804 W IPCThreadState: Sending oneway calls to frozen process.
06-11 12:59:06.377   686   804 W IPCThreadState: Sending oneway calls to frozen process.
06-11 12:59:06.378   686   804 W IPCThreadState: Sending oneway calls to frozen process.
06-11 12:59:06.379   686   804 W IPCThreadState: Sending oneway calls to frozen process.
06-11 12:59:06.381   686   804 W IPCThreadState: Sending oneway calls to frozen process.
06-11 12:59:06.383   686   804 W IPCThreadState: Sending oneway calls to frozen process.
06-11 12:59:06.384   686   804 W IPCThreadState: Sending oneway calls to frozen process.
06-11 12:59:06.386   686   804 W IPCThreadState: Sending oneway calls to frozen process.
06-11 12:59:06.388   686   804 W IPCThreadState: Sending oneway calls to frozen process.
06-11 12:59:06.389   686   804 W IPCThreadState: Sending oneway calls to frozen process.
06-11 12:59:06.390   686   804 W IPCThreadState: Sending oneway calls to frozen process.
06-11 12:59:06.390   686   804 W IPCThreadState: Sending oneway calls to frozen process.
06-11 12:59:06.387   686   686 W binder:686_D: type=1400 audit(0.0:102): avc:  denied  { getopt } for  scontext=u:r:system_server:s0 tcontext=u:r:shell:s0 tclass=unix_stream_socket permissive=0
06-11 12:59:06.394   686  1321 E SystemServiceRegistry: No service published for: persistent_data_block
06-11 12:59:06.394   686  1321 E SystemServiceRegistry: android.os.ServiceManager$ServiceNotFoundException: No service published for: persistent_data_block
06-11 12:59:06.394   686  1321 E SystemServiceRegistry: 	at android.os.ServiceManager.getServiceOrThrow(ServiceManager.java:203)
06-11 12:59:06.394   686  1321 E SystemServiceRegistry: 	at android.app.SystemServiceRegistry$82.createService(SystemServiceRegistry.java:1110)
06-11 12:59:06.394   686  1321 E SystemServiceRegistry: 	at android.app.SystemServiceRegistry$82.createService(SystemServiceRegistry.java:1107)
06-11 12:59:06.394   686  1321 E SystemServiceRegistry: 	at android.app.SystemServiceRegistry$StaticServiceFetcher.getService(SystemServiceRegistry.java:2405)
06-11 12:59:06.394   686  1321 E SystemServiceRegistry: 	at android.app.SystemServiceRegistry.getSystemService(SystemServiceRegistry.java:1918)
06-11 12:59:06.394   686  1321 E SystemServiceRegistry: 	at android.app.ContextImpl.getSystemService(ContextImpl.java:2315)
06-11 12:59:06.394   686  1321 E SystemServiceRegistry: 	at android.content.Context.getSystemService(Context.java:4630)
06-11 12:59:06.394   686  1321 E SystemServiceRegistry: 	at com.android.server.pm.PackageInstallerSession.markAsSealed(PackageInstallerSession.java:2449)
06-11 12:59:06.394   686  1321 E SystemServiceRegistry: 	at com.android.server.pm.PackageInstallerSession.commit(PackageInstallerSession.java:2198)
06-11 12:59:06.394   686  1321 E SystemServiceRegistry: 	at android.content.pm.PackageInstaller$Session.commit(PackageInstaller.java:1988)
06-11 12:59:06.394   686  1321 E SystemServiceRegistry: 	at com.android.server.pm.PackageManagerShellCommand.doCommitSession(PackageManagerShellCommand.java:4316)
06-11 12:59:06.394   686  1321 E SystemServiceRegistry: 	at com.android.server.pm.PackageManagerShellCommand.doRunInstall(PackageManagerShellCommand.java:1641)
06-11 12:59:06.394   686  1321 E SystemServiceRegistry: 	at com.android.server.pm.PackageManagerShellCommand.runInstall(PackageManagerShellCommand.java:1562)
06-11 12:59:06.394   686  1321 E SystemServiceRegistry: 	at com.android.server.pm.PackageManagerShellCommand.onCommand(PackageManagerShellCommand.java:246)
06-11 12:59:06.394   686  1321 E SystemServiceRegistry: 	at com.android.modules.utils.BasicShellCommandHandler.exec(BasicShellCommandHandler.java:97)
06-11 12:59:06.394   686  1321 E SystemServiceRegistry: 	at android.os.ShellCommand.exec(ShellCommand.java:38)
06-11 12:59:06.394   686  1321 E SystemServiceRegistry: 	at com.android.server.pm.PackageManagerService$IPackageManagerImpl.onShellCommand(PackageManagerService.java:6684)
06-11 12:59:06.394   686  1321 E SystemServiceRegistry: 	at android.os.Binder.shellCommand(Binder.java:1151)
06-11 12:59:06.394   686  1321 E SystemServiceRegistry: 	at android.os.Binder.onTransact(Binder.java:953)
06-11 12:59:06.394   686  1321 E SystemServiceRegistry: 	at android.content.pm.IPackageManager$Stub.onTransact(IPackageManager.java:4729)
06-11 12:59:06.394   686  1321 E SystemServiceRegistry: 	at com.android.server.pm.PackageManagerService$IPackageManagerImpl.onTransact(PackageManagerService.java:6668)
06-11 12:59:06.394   686  1321 E SystemServiceRegistry: 	at android.os.Binder.execTransactInternal(Binder.java:1426)
06-11 12:59:06.394   686  1321 E SystemServiceRegistry: 	at android.os.Binder.execTransact(Binder.java:1365)
06-11 12:59:06.395   686  1321 E SystemServiceRegistry: Manager wrapper not available: persistent_data_block
06-11 12:59:06.557   686   804 W IPCThreadState: Sending oneway calls to frozen process.
06-11 12:59:06.558   686   751 D FileSystemUtils: Total number of LOAD segments 4
06-11 12:59:06.558   686   751 D FileSystemUtils: Size before punching holes st_blocks: 132440, st_blksize: 4096, st_size: 67798889
06-11 12:59:06.558   686   751 D FileSystemUtils: Size after punching holes st_blocks: 132440, st_blksize: 4096, st_size: 67798889
06-11 12:59:06.558   686   751 D FileSystemUtils: Extra field length: 11092,  Size before punching holes st_blocks: 132440, st_blksize: 4096, st_size: 67798889
06-11 12:59:06.559   686   751 D FileSystemUtils: Extra field length: 11092 content near offset: 0000000000000000000000000000000000000000000000000000000000000000000000000000000000000000000000000000000000000000000000000000000000000000000000000000000000000000000000000000000000000000000000000000000000000000000000000000000000000000000000000000000000000000000000000000000000000000000000000000000000000000000000000000000000000000000000000000000000000000000000000000000000000000000000000000000000000000000000000000000000000000000000000000000000000000000000000000000000000000000000000000000000000000000000000000000000000000000000000000000000000000000000000000000000000000000000000000000000000000000000000000000000000000000000000000000000000000000000000000000000000000000000000000000000000000000000000000000000000000000000000000000000000000000000000000000000000000000000000000000000000000000000000000000000000000000000000000000000000000000000000000000000000000000000000000000000000000000000000000000000000000000000000000000000000000000000000000000000000000000000000000000000000000
06-11 12:59:06.559   686   751 D FileSystemUtils: Punching hole in file - start: 7249920 len:8192
06-11 12:59:06.559   686   751 D FileSystemUtils: punchHolesInApk:: Size after punching holes st_blocks: 132424, st_blksize: 4096, st_size: 67798889
06-11 12:59:06.559   686   804 W IPCThreadState: Sending oneway calls to frozen process.
06-11 12:59:06.560   686   804 D InstallDependencyHelper: No missing dependency for com.ash.strefaciszy
06-11 12:59:06.563   686   787 V Configuration: Updating configuration, locales updated from [] to [en_US]
06-11 12:59:06.563   686   787 I system_server: AssetManager2(0x7c19324204b8) locale list changing from [] to [en-US]
06-11 12:59:06.566   686   787 I PackageManager: Update package com.ash.strefaciszy code path from /data/app/~~0AjuRQAp8W_BmW0Jvk3AYA==/com.ash.strefaciszy-sGoXCvsFouRVVg4ZGBRf1w== to /data/app/vmdl650572656.tmp; Retain data and using new
06-11 12:59:06.588   686   787 I AppsFilter: interaction: PackageSetting{70a7faa com.android.microdroid.empty_payload/10200} -> PackageSetting{c7d46 com.ash.strefaciszy/10220} BLOCKED
06-11 12:59:06.588   686   787 I AppsFilter: interaction: PackageSetting{19224ad com.ashapp.horsevibe/10215} -> PackageSetting{c7d46 com.ash.strefaciszy/10220} BLOCKED
06-11 12:59:06.589   686   787 I AppsFilter: interaction: PackageSetting{63cbf15 com.example.strefa_ciszy/10216} -> PackageSetting{c7d46 com.ash.strefaciszy/10220} BLOCKED
06-11 12:59:06.589   686   787 I AppsFilter: interaction: PackageSetting{70a7faa com.android.microdroid.empty_payload/10200} -> PackageSetting{c563e0b com.ash.strefaciszy/10220} BLOCKED
06-11 12:59:06.589   686   787 I AppsFilter: interaction: PackageSetting{19224ad com.ashapp.horsevibe/10215} -> PackageSetting{c563e0b com.ash.strefaciszy/10220} BLOCKED
06-11 12:59:06.589   686   787 I AppsFilter: interaction: PackageSetting{63cbf15 com.example.strefa_ciszy/10216} -> PackageSetting{c563e0b com.ash.strefaciszy/10220} BLOCKED
06-11 12:59:06.620   686   761 I ActivityManager: Force stopping com.ash.strefaciszy appid=10220 user=-1: installPackageLI
06-11 12:59:06.627   686   787 I PackageManager: installation completed for package:com.ash.strefaciszy. Final code path: /data/app/~~RgGWHgb8km_KyjKibDBLHg==/com.ash.strefaciszy-MgCrAx4_o85pbZ4mRMXfTA==
06-11 12:59:06.629   686   787 I AppsFilter: interaction: PackageSetting{ca8949b com.android.microdroid.empty_payload/10200} -> PackageSetting{20bf8c9 com.ash.strefaciszy/10220} BLOCKED
06-11 12:59:06.630   686   787 I AppsFilter: interaction: PackageSetting{e7c4811 com.ashapp.horsevibe/10215} -> PackageSetting{20bf8c9 com.ash.strefaciszy/10220} BLOCKED
06-11 12:59:06.630   686   787 I AppsFilter: interaction: PackageSetting{4f1df77 com.example.strefa_ciszy/10216} -> PackageSetting{20bf8c9 com.ash.strefaciszy/10220} BLOCKED
06-11 12:59:06.639   686   787 I ActivityManager: Force stopping com.ash.strefaciszy appid=10220 user=0: pkg removed
06-11 12:59:06.641   686   787 W IPCThreadState: Sending oneway calls to frozen process.
06-11 12:59:06.641   686   787 W IPCThreadState: Sending oneway calls to frozen process.
06-11 12:59:06.641   686   787 W IPCThreadState: Sending oneway calls to frozen process.
06-11 12:59:06.641   686   787 W IPCThreadState: Sending oneway calls to frozen process.
06-11 12:59:06.641   686   787 W IPCThreadState: Sending oneway calls to frozen process.
06-11 12:59:06.641   686   787 W IPCThreadState: Sending oneway calls to frozen process.
06-11 12:59:06.641   686   787 W IPCThreadState: Sending oneway calls to frozen process.
06-11 12:59:06.641   686   787 W IPCThreadState: Sending oneway calls to frozen process.
06-11 12:59:06.641   686   787 W IPCThreadState: Sending oneway calls to frozen process.
06-11 12:59:06.641   686   787 W IPCThreadState: Sending oneway calls to frozen process.
06-11 12:59:06.641   686   787 W IPCThreadState: Sending oneway calls to frozen process.
06-11 12:59:06.641   686   787 W IPCThreadState: Sending oneway calls to frozen process.
06-11 12:59:06.641   686   787 W IPCThreadState: Sending oneway calls to frozen process.
06-11 12:59:06.642   686   787 W IPCThreadState: Sending oneway calls to frozen process.
06-11 12:59:06.642   686   787 W IPCThreadState: Sending oneway calls to frozen process.
06-11 12:59:06.643   686   787 W IPCThreadState: Sending oneway calls to frozen process.
06-11 12:59:06.643   686   787 W IPCThreadState: Sending oneway calls to frozen process.
06-11 12:59:06.643   686   787 W IPCThreadState: Sending oneway calls to frozen process.
06-11 12:59:06.643   686   787 W IPCThreadState: Sending oneway calls to frozen process.
06-11 12:59:06.643   686   787 W IPCThreadState: Sending oneway calls to frozen process.
06-11 12:59:06.643   686   787 W IPCThreadState: Sending oneway calls to frozen process.
06-11 12:59:06.643   686   787 W IPCThreadState: Sending oneway calls to frozen process.
06-11 12:59:06.643   686   787 W IPCThreadState: Sending oneway calls to frozen process.
06-11 12:59:06.643   686   787 W IPCThreadState: Sending oneway calls to frozen process.
06-11 12:59:06.643   686   787 W IPCThreadState: Sending oneway calls to frozen process.
06-11 12:59:06.643   686   787 W IPCThreadState: Sending oneway calls to frozen process.
06-11 12:59:06.643   686   787 W IPCThreadState: Sending oneway calls to frozen process.
06-11 12:59:06.643   686   787 W IPCThreadState: Sending oneway calls to frozen process.
06-11 12:59:06.643   686   787 W IPCThreadState: Sending oneway calls to frozen process.
06-11 12:59:06.643   686   787 W IPCThreadState: Sending oneway calls to frozen process.
06-11 12:59:06.643   686   787 W IPCThreadState: Sending oneway calls to frozen process.
06-11 12:59:06.643   686   787 W IPCThreadState: Sending oneway calls to frozen process.
06-11 12:59:06.643   686   787 W IPCThreadState: Sending oneway calls to frozen process.
06-11 12:59:06.643   686   787 W IPCThreadState: Sending oneway calls to frozen process.
06-11 12:59:06.643   686   787 W IPCThreadState: Sending oneway calls to frozen process.
06-11 12:59:06.643   686   787 W IPCThreadState: Sending oneway calls to frozen process.
06-11 12:59:06.643   686   787 W IPCThreadState: Sending oneway calls to frozen process.
06-11 12:59:06.643   686   787 W IPCThreadState: Sending oneway calls to frozen process.
06-11 12:59:06.643   686   787 W IPCThreadState: Sending oneway calls to frozen process.
06-11 12:59:06.643   686   787 W IPCThreadState: Sending oneway calls to frozen process.
06-11 12:59:06.643   686   787 W IPCThreadState: Sending oneway calls to frozen process.
06-11 12:59:06.643   686   787 W IPCThreadState: Sending oneway calls to frozen process.
06-11 12:59:06.643   686   787 W IPCThreadState: Sending oneway calls to frozen process.
06-11 12:59:06.643   686   787 W IPCThreadState: Sending oneway calls to frozen process.
06-11 12:59:06.643   686   787 W IPCThreadState: Sending oneway calls to frozen process.
06-11 12:59:06.643   686   787 W IPCThreadState: Sending oneway calls to frozen process.
06-11 12:59:06.643   686   787 W IPCThreadState: Sending oneway calls to frozen process.
06-11 12:59:06.643   686   787 W IPCThreadState: Sending oneway calls to frozen process.
06-11 12:59:06.643   686   787 W IPCThreadState: Sending oneway calls to frozen process.
06-11 12:59:06.643   686   787 W IPCThreadState: Sending oneway calls to frozen process.
06-11 12:59:06.651   686   752 I system_server: AssetManager2(0x7c1932338a78) locale list changing from [] to [en-US]
06-11 12:59:06.655   993   993 D ControlsListingControllerImpl: ServiceConfig reloaded, count: 0
06-11 12:59:06.655   686   936 D ShortcutService: received package broadcast intent: Intent { act=android.intent.action.PACKAGE_REMOVED dat=package: flg=0x4000010 (has extras) }
06-11 12:59:06.658   686   890 E AppOps  : attributionTag VCN not declared in manifest of android
06-11 12:59:06.660  1101  1101 E SmsApplication: com.google.android.apps.messaging lost android:read_cell_broadcasts:  (fixing)
06-11 12:59:06.660   686  2817 W AppOpService: Ignored setUidMode call for runtime permission app op: uid = 10144, code = READ_CELL_BROADCASTS, mode = allow, callingUid = 1001, oldMode = allow
06-11 12:59:06.662   686   860 W PackageConfigPersister: App-specific configuration not found for packageName: com.ash.strefaciszy and userId: 0
06-11 12:59:06.666   686  1563 W AppOpService: Ignored setUidMode call for runtime permission app op: uid = 1001, code = READ_SMS, mode = allow, callingUid = 1001, oldMode = allow
06-11 12:59:06.667   686   686 D ActivityManager: sync unfroze 3532 com.android.settings for 10
06-11 12:59:06.668   686  2817 W AppOpService: Ignored setUidMode call for runtime permission app op: uid = 1001, code = RECEIVE_SMS, mode = allow, callingUid = 1001, oldMode = allow
06-11 12:59:06.669   686  1026 W AppOpService: Ignored setUidMode call for runtime permission app op: uid = 1001, code = RECEIVE_WAP_PUSH, mode = allow, callingUid = 1001, oldMode = allow
06-11 12:59:06.670   686  1026 W AppOpService: Ignored setUidMode call for runtime permission app op: uid = 1001, code = SEND_SMS, mode = allow, callingUid = 1001, oldMode = allow
06-11 12:59:06.670   686   686 D ActivityManager: sync unfroze 4277 com.android.keychain for 10
06-11 12:59:06.671  1120  1179 D PackageUpdatedTask: Package updated: mOp=UPDATE packages=[com.ash.strefaciszy], user=UserHandle{0}
06-11 12:59:06.671   686  1026 W AppOpService: Ignored setUidMode call for runtime permission app op: uid = 1001, code = READ_CELL_BROADCASTS, mode = allow, callingUid = 1001, oldMode = allow
06-11 12:59:06.681   686   686 D ActivityManager: sync unfroze 3181 com.android.dynsystem:dynsystem for 10
06-11 12:59:06.682   686   686 D ActivityManager: sync unfroze 3167 com.android.dynsystem for 10
06-11 12:59:06.687  1569  5914 I AiAiEcho: AppIndexer Package:[com.ash.strefaciszy] UserProfile:[0] Enabled:[true].
06-11 12:59:06.688  1569  5914 I AiAiEcho: AppFetcherImplV2 updateApps package:[com.ash.strefaciszy], userId:[0], reason:[package is updated.].
06-11 12:59:06.696   993   993 D ControlsListingControllerImpl: ServiceConfig reloaded, count: 0
06-11 12:59:06.697  1101  1286 I SatelliteAppTracker: onPackageUpdateFinished : com.ash.strefaciszy
06-11 12:59:06.697  1101  1286 I SatelliteAppTracker: onPackageModified : com.ash.strefaciszy
06-11 12:59:06.701  1101  1101 D CarrierSvcBindHelper: onPackageUpdateFinished: com.ash.strefaciszy
06-11 12:59:06.707   686   761 D ActivityManager: sync unfroze 2659 com.google.android.permissioncontroller for 3
06-11 12:59:06.711  1120  1179 I s.nexuslauncher: AssetManager2(0x7c19322b0538) locale list changing from [] to [en-US]
06-11 12:59:06.712  1120  1179 W HWUI    : Image decoding logging dropped!
06-11 12:59:06.715   686   945 I SdkSandboxManager: No SDKs used. Skipping SDK data reconcilation for CallingInfo{mUid=10220, mPackageName='com.ash.strefaciszy, mAppProcessToken='null'}
06-11 12:59:06.716  1101  1101 D CarrierSvcBindHelper: No carrier app for: 0
06-11 12:59:06.716  1101  1101 D CarrierSvcBindHelper: onPackageModified: com.ash.strefaciszy
06-11 12:59:06.716  1101  1101 D CarrierSvcBindHelper: No carrier app for: 0
06-11 12:59:06.727   686   937 D BackgroundInstallControlService: Package event received: 0
06-11 12:59:06.730   686   851 I system_server: AssetManager2(0x7c19324204b8) locale list changing from [] to [en-US]
06-11 12:59:06.747   686   787 W IPCThreadState: Sending oneway calls to frozen process.
06-11 12:59:06.747   686   787 W IPCThreadState: Sending oneway calls to frozen process.
06-11 12:59:06.747   686   787 W IPCThreadState: Sending oneway calls to frozen process.
06-11 12:59:06.747   686   787 W IPCThreadState: Sending oneway calls to frozen process.
06-11 12:59:06.747  3532  3532 D ActivityThread: Package [com.ash.strefaciszy] reported as REPLACED, but missing application info. Assuming REMOVED.
06-11 12:59:06.747   686   787 W IPCThreadState: Sending oneway calls to frozen process.
06-11 12:59:06.747   686   787 W IPCThreadState: Sending oneway calls to frozen process.
06-11 12:59:06.747   686   787 W IPCThreadState: Sending oneway calls to frozen process.
06-11 12:59:06.747   686   787 W IPCThreadState: Sending oneway calls to frozen process.
06-11 12:59:06.747   686   787 W IPCThreadState: Sending oneway calls to frozen process.
06-11 12:59:06.747   686   787 W IPCThreadState: Sending oneway calls to frozen process.
06-11 12:59:06.747   686   787 W IPCThreadState: Sending oneway calls to frozen process.
06-11 12:59:06.747  4277  4277 D ActivityThread: Package [com.ash.strefaciszy] reported as REPLACED, but missing application info. Assuming REMOVED.
06-11 12:59:06.747   686   787 W IPCThreadState: Sending oneway calls to frozen process.
06-11 12:59:06.747   686   787 W IPCThreadState: Sending oneway calls to frozen process.
06-11 12:59:06.747   686   787 W IPCThreadState: Sending oneway calls to frozen process.
06-11 12:59:06.747   686   787 W IPCThreadState: Sending oneway calls to frozen process.
06-11 12:59:06.747   686   787 W IPCThreadState: Sending oneway calls to frozen process.
06-11 12:59:06.747   686   787 W IPCThreadState: Sending oneway calls to frozen process.
06-11 12:59:06.747   686   787 W IPCThreadState: Sending oneway calls to frozen process.
06-11 12:59:06.747   686   787 W IPCThreadState: Sending oneway calls to frozen process.
06-11 12:59:06.747   686   787 W IPCThreadState: Sending oneway calls to frozen process.
06-11 12:59:06.747   686   787 W IPCThreadState: Sending oneway calls to frozen process.
06-11 12:59:06.747   686   787 W IPCThreadState: Sending oneway calls to frozen process.
06-11 12:59:06.747   686   787 W IPCThreadState: Sending oneway calls to frozen process.
06-11 12:59:06.747   686   787 W IPCThreadState: Sending oneway calls to frozen process.
06-11 12:59:06.747  2281  2281 D ActivityThread: Package [com.ash.strefaciszy] reported as REPLACED, but missing application info. Assuming REMOVED.
06-11 12:59:06.747   686   787 W IPCThreadState: Sending oneway calls to frozen process.
06-11 12:59:06.747   686   787 W IPCThreadState: Sending oneway calls to frozen process.
06-11 12:59:06.747   686   787 W IPCThreadState: Sending oneway calls to frozen process.
06-11 12:59:06.747   686   787 W IPCThreadState: Sending oneway calls to frozen process.
06-11 12:59:06.747   686   787 W IPCThreadState: Sending oneway calls to frozen process.
06-11 12:59:06.747   686   787 W IPCThreadState: Sending oneway calls to frozen process.
06-11 12:59:06.747   686   787 W IPCThreadState: Sending oneway calls to frozen process.
06-11 12:59:06.747   686   787 W IPCThreadState: Sending oneway calls to frozen process.
06-11 12:59:06.747   686   787 W IPCThreadState: Sending oneway calls to frozen process.
06-11 12:59:06.747   686   787 W IPCThreadState: Sending oneway calls to frozen process.
06-11 12:59:06.747   686   787 W IPCThreadState: Sending oneway calls to frozen process.
06-11 12:59:06.747   686   787 W IPCThreadState: Sending oneway calls to frozen process.
06-11 12:59:06.747   686   787 W IPCThreadState: Sending oneway calls to frozen process.
06-11 12:59:06.747   686   787 W IPCThreadState: Sending oneway calls to frozen process.
06-11 12:59:06.747   686   787 W IPCThreadState: Sending oneway calls to frozen process.
06-11 12:59:06.747   686   787 W IPCThreadState: Sending oneway calls to frozen process.
06-11 12:59:06.747   686   787 W IPCThreadState: Sending oneway calls to frozen process.
06-11 12:59:06.747   686   787 W IPCThreadState: Sending oneway calls to frozen process.
06-11 12:59:06.747   686   787 W IPCThreadState: Sending oneway calls to frozen process.
06-11 12:59:06.747   686   787 W IPCThreadState: Sending oneway calls to frozen process.
06-11 12:59:06.747   686   787 W IPCThreadState: Sending oneway calls to frozen process.
06-11 12:59:06.748  1125  1125 D ActivityThread: Package [com.ash.strefaciszy] reported as REPLACED, but missing application info. Assuming REMOVED.
06-11 12:59:06.748  1058  1058 D ActivityThread: Package [com.ash.strefaciszy] reported as REPLACED, but missing application info. Assuming REMOVED.
06-11 12:59:06.749  1120  1120 D ActivityThread: Package [com.ash.strefaciszy] reported as REPLACED, but missing application info. Assuming REMOVED.
06-11 12:59:06.750  1630  1630 D ActivityThread: Package [com.ash.strefaciszy] reported as REPLACED, but missing application info. Assuming REMOVED.
06-11 12:59:06.751  1569  1569 D ActivityThread: Package [com.ash.strefaciszy] reported as REPLACED, but missing application info. Assuming REMOVED.
06-11 12:59:06.751  1545  1545 D ActivityThread: Package [com.ash.strefaciszy] reported as REPLACED, but missing application info. Assuming REMOVED.
06-11 12:59:06.752  3167  3167 D ActivityThread: Package [com.ash.strefaciszy] reported as REPLACED, but missing application info. Assuming REMOVED.
06-11 12:59:06.753  3181  3181 D ActivityThread: Package [com.ash.strefaciszy] reported as REPLACED, but missing application info. Assuming REMOVED.
06-11 12:59:06.753  1596  1596 D ActivityThread: Package [com.ash.strefaciszy] reported as REPLACED, but missing application info. Assuming REMOVED.
06-11 12:59:06.757  1101  1101 E SmsApplication: com.google.android.apps.messaging lost android:read_cell_broadcasts:  (fixing)
06-11 12:59:06.757  1079  1079 D ActivityThread: Package [com.ash.strefaciszy] reported as REPLACED, but missing application info. Assuming REMOVED.
06-11 12:59:06.758   686   714 W AppOpService: Ignored setUidMode call for runtime permission app op: uid = 10144, code = READ_CELL_BROADCASTS, mode = allow, callingUid = 1001, oldMode = allow
06-11 12:59:06.758   686   714 W AppOpService: Ignored setUidMode call for runtime permission app op: uid = 1001, code = READ_SMS, mode = allow, callingUid = 1001, oldMode = allow
06-11 12:59:06.759   993   993 D ActivityThread: Package [com.ash.strefaciszy] reported as REPLACED, but missing application info. Assuming REMOVED.
06-11 12:59:06.759  1601  1601 D ActivityThread: Package [com.ash.strefaciszy] reported as REPLACED, but missing application info. Assuming REMOVED.
06-11 12:59:06.759   686   714 W AppOpService: Ignored setUidMode call for runtime permission app op: uid = 1001, code = RECEIVE_SMS, mode = allow, callingUid = 1001, oldMode = allow
06-11 12:59:06.759   686   714 W AppOpService: Ignored setUidMode call for runtime permission app op: uid = 1001, code = RECEIVE_WAP_PUSH, mode = allow, callingUid = 1001, oldMode = allow
06-11 12:59:06.759   686   714 W AppOpService: Ignored setUidMode call for runtime permission app op: uid = 1001, code = SEND_SMS, mode = allow, callingUid = 1001, oldMode = allow
06-11 12:59:06.759   686   714 W AppOpService: Ignored setUidMode call for runtime permission app op: uid = 1001, code = READ_CELL_BROADCASTS, mode = allow, callingUid = 1001, oldMode = allow
06-11 12:59:06.763   686   936 D ShortcutService: received package broadcast intent: Intent { act=android.intent.action.PACKAGE_ADDED dat=package: flg=0x4000010 (has extras) }
06-11 12:59:06.763   686   936 D ShortcutService: replacing package: com.ash.strefaciszy userId=0
06-11 12:59:06.764  1101  1101 E SmsApplication: com.google.android.apps.messaging lost android:read_cell_broadcasts:  (fixing)
06-11 12:59:06.764   686   808 W AppOpService: Ignored setUidMode call for runtime permission app op: uid = 10144, code = READ_CELL_BROADCASTS, mode = allow, callingUid = 1001, oldMode = allow
06-11 12:59:06.765   686   808 W AppOpService: Ignored setUidMode call for runtime permission app op: uid = 1001, code = READ_SMS, mode = allow, callingUid = 1001, oldMode = allow
06-11 12:59:06.767   686   686 I Telecom : CarModeTracker: Package com.ash.strefaciszy is not tracked.: SSH.oR@AKU
06-11 12:59:06.767   686   714 W AppOpService: Ignored setUidMode call for runtime permission app op: uid = 1001, code = RECEIVE_SMS, mode = allow, callingUid = 1001, oldMode = allow
06-11 12:59:06.768   686   686 I Telecom : InCallController: updateCarModeForConnections: car mode apps: : SSH.oR@AKU
06-11 12:59:06.768   686   714 W AppOpService: Ignored setUidMode call for runtime permission app op: uid = 1001, code = RECEIVE_WAP_PUSH, mode = allow, callingUid = 1001, oldMode = allow
06-11 12:59:06.768   686   686 I Telecom : InCallController: update carmode current:UserHandle{0} parent:null: SSH.oR@AKU
06-11 12:59:06.771   686  2192 W AppOpService: Ignored setUidMode call for runtime permission app op: uid = 1001, code = SEND_SMS, mode = allow, callingUid = 1001, oldMode = allow
06-11 12:59:06.777   686  1026 D ActivityManager: sync unfroze 2093 com.google.android.apps.wellbeing for 7
06-11 12:59:06.784  1289  1289 D ActivityThread: Package [com.ash.strefaciszy] reported as REPLACED, but missing application info. Assuming REMOVED.
06-11 12:59:06.791   686   714 W AppOpService: Ignored setUidMode call for runtime permission app op: uid = 1001, code = READ_CELL_BROADCASTS, mode = allow, callingUid = 1001, oldMode = allow
06-11 12:59:06.806  2093  2093 D ActivityThread: Package [com.ash.strefaciszy] reported as REPLACED, but missing application info. Assuming REMOVED.
06-11 12:59:06.808  1120  1947 W HWUI    : Failed to initialize 101010-2 format, error = EGL_SUCCESS
06-11 12:59:06.818  1120  1179 W HWUI    : Image decoding logging dropped!
06-11 12:59:06.818  1120  1179 D AlphabeticIndexCompat: computeSectionName: cs: strefa_ciszy sectionName: S
06-11 12:59:06.819  1120  1120 D AllAppsStore: setApps: apps.length=22
06-11 12:59:06.819  1120  1120 D AllAppsStore: notifyUpdate: notifying listeners
06-11 12:59:06.819  1120  1120 D ActivityAllAppsContainerView: onAppsUpdated; number of apps: 22
06-11 12:59:06.819  1120  1120 D ActivityAllAppsContainerView: rebindAdapters: force: false
06-11 12:59:06.819  1120  1120 D ActivityAllAppsContainerView: rebindAdapters: Not needed.
06-11 12:59:06.819  1120  1120 D StatsLog: LAUNCHER_ALLAPPS_COUNT
06-11 12:59:06.819  1120  1120 D AlphabeticalAppsList: Clearing FastScrollerSections.
06-11 12:59:06.819  1120  1120 D AlphabeticalAppsList: Adding apps with sections. HasPrivateApps: false
06-11 12:59:06.819  1120  1120 D AlphabeticalAppsList: addAppsWithSections: adding sectionName: C with appInfoTitle: Calendar
06-11 12:59:06.819  1120  1120 D AlphabeticalAppsList: addAppsWithSections: adding sectionName: D with appInfoTitle: Drive
06-11 12:59:06.819  1120  1120 D AlphabeticalAppsList: addAppsWithSections: adding sectionName: F with appInfoTitle: Files
06-11 12:59:06.819  1120  1120 D AlphabeticalAppsList: addAppsWithSections: adding sectionName: G with appInfoTitle: Gmail
06-11 12:59:06.819  1120  1120 D AlphabeticalAppsList: addAppsWithSections: adding sectionName: H with appInfoTitle: HorseVibe
06-11 12:59:06.819  1120  1120 D AlphabeticalAppsList: addAppsWithSections: adding sectionName: M with appInfoTitle: Maps
06-11 12:59:06.819  1120  1120 D AlphabeticalAppsList: addAppsWithSections: adding sectionName: P with appInfoTitle: Phone
06-11 12:59:06.819  1120  1120 D AlphabeticalAppsList: addAppsWithSections: adding sectionName: S with appInfoTitle: Safety
06-11 12:59:06.819  1120  1120 D AlphabeticalAppsList: addAppsWithSections: adding sectionName: T with appInfoTitle: TMoble
06-11 12:59:06.819  1120  1120 D AlphabeticalAppsList: addAppsWithSections: adding sectionName: Y with appInfoTitle: YouTube
06-11 12:59:06.819  1120  1120 D AlphabeticalAppsList: Adding FastScrollSection duplicate to scroll to the bottom.
06-11 12:59:06.819  1120  1120 D AlphabeticalAppsList: Clearing FastScrollerSections.
06-11 12:59:06.819  1120  1120 D AlphabeticalAppsList: Adding apps with sections. HasPrivateApps: false
06-11 12:59:06.819  1120  1120 D AlphabeticalAppsList: addAppsWithSections: adding sectionName: C with appInfoTitle: Calendar
06-11 12:59:06.819  1120  1120 D AlphabeticalAppsList: addAppsWithSections: adding sectionName: D with appInfoTitle: Drive
06-11 12:59:06.819  1120  1120 D AlphabeticalAppsList: addAppsWithSections: adding sectionName: F with appInfoTitle: Files
06-11 12:59:06.819  1120  1120 D AlphabeticalAppsList: addAppsWithSections: adding sectionName: G with appInfoTitle: Gmail
06-11 12:59:06.819  1120  1120 D AlphabeticalAppsList: addAppsWithSections: adding sectionName: H with appInfoTitle: HorseVibe
06-11 12:59:06.819  1120  1120 D AlphabeticalAppsList: addAppsWithSections: adding sectionName: M with appInfoTitle: Maps
06-11 12:59:06.819  1120  1120 D AlphabeticalAppsList: addAppsWithSections: adding sectionName: P with appInfoTitle: Phone
06-11 12:59:06.819  1120  1120 D AlphabeticalAppsList: addAppsWithSections: adding sectionName: S with appInfoTitle: Safety
06-11 12:59:06.819  1120  1120 D AlphabeticalAppsList: addAppsWithSections: adding sectionName: T with appInfoTitle: TMoble
06-11 12:59:06.819  1120  1120 D AlphabeticalAppsList: addAppsWithSections: adding sectionName: Y with appInfoTitle: YouTube
06-11 12:59:06.820  1120  1120 D AlphabeticalAppsList: Adding FastScrollSection duplicate to scroll to the bottom.
06-11 12:59:06.825   686   686 D AppSearchAppsIndexerManagerS: userid in package receiver: 10220
06-11 12:59:06.838   686  1026 W ContentProviderHelper: Slow operation: 89ms so far, now at getContentProviderImpl: after updateOomAdj
06-11 12:59:06.840   603  4272 W IPCThreadState: Sending oneway calls to frozen process.
06-11 12:59:06.840   603  4272 W IPCThreadState: Sending oneway calls to frozen process.
06-11 12:59:06.840   603  4272 W IPCThreadState: Sending oneway calls to frozen process.
06-11 12:59:06.848   686  1026 W ContentProviderHelper: Slow operation: 98ms so far, now at getContentProviderImpl: done!
06-11 12:59:06.854  1101  1283 D ImsResolver: maybeAddedImsService, packageName: com.ash.strefaciszy
06-11 12:59:06.855  1101  1283 V ImsResolver: searchForImsServices: package=com.ash.strefaciszy, users=[UserHandle{0}]
06-11 12:59:06.855  1101  1283 V ImsResolver: searchForImsServices: package=com.ash.strefaciszy, users=[UserHandle{0}]
06-11 12:59:06.860  2659  2659 I SafetyLabelChangedBroadcastReceiver: received broadcast packageName: com.ash.strefaciszy, current user: UserHandle{0}, packageChangeEvent: UPDATE, intent user: UserHandle{0}
06-11 12:59:06.863  2659  2659 D ActivityThread: Package [com.ash.strefaciszy] reported as REPLACED, but missing application info. Assuming REMOVED.
06-11 12:59:06.864   686   937 D BackgroundInstallControlService: Package event received: 0
06-11 12:59:06.866   686   760 I system_server: AssetManager2(0x7c19322b0e98) locale list changing from [] to [en-US]
06-11 12:59:06.867   686   937 D BackgroundInstallControlService: Package event received: 0
06-11 12:59:06.867   686   937 D BackgroundInstallControlService: Package event received: 0
06-11 12:59:06.869   686   937 D BackgroundInstallControlService: Package event received: 0
06-11 12:59:06.873   686   686 D BackupManagerConstants: getFullBackupIntervalMilliseconds(...) returns 86400000
06-11 12:59:06.873   686   686 D BackupManagerConstants: getFullBackupRequiredNetworkType(...) returns 2
06-11 12:59:06.873   686   686 D BackupManagerConstants: getFullBackupRequireCharging(...) returns true
06-11 12:59:06.873   686   851 I system_server: AssetManager2(0x7c19323345b8) locale list changing from [] to [en-US]
06-11 12:59:06.877  1101  1101 W VvmPkgInstalledRcvr: carrierVvmPkgAdded: carrier vvm packages doesn't contain com.ash.strefaciszy
