06-11 12:59:06.881   686   945 I SdkSandboxManager: No SDKs used. Skipping SDK data reconcilation for CallingInfo{mUid=10220, mPackageName='com.ash.strefaciszy, mAppProcessToken='null'}
06-11 12:59:06.888   993   993 D ControlsListingControllerImpl: ServiceConfig reloaded, count: 0
06-11 12:59:06.909  1101  1101 D ActivityThread: Package [com.ash.strefaciszy] reported as REPLACED, but missing application info. Assuming REMOVED.
06-11 12:59:06.912   686   851 V AccessibilityManagerService: onUserStateChangedLocked for userId: 0, forceUpdate: false
06-11 12:59:06.914   686   831 I RoleService: Granting default roles...
06-11 12:59:06.921   686  1563 D ActivityManager: sync unfroze 1484 com.google.android.gms for 6
06-11 12:59:06.938   686   851 W MagnificationConnectionManager: requestConnection duplicated request: connect=false, mConnectionState=DISCONNECTED
06-11 12:59:06.939   993  1010 W System  : A resource failed to call release. 
06-11 12:59:06.940   993  1010 W System  : A resource failed to call release. 
06-11 12:59:06.940   993  1010 W System  : A resource failed to call release. 
06-11 12:59:06.940   993  1010 W System  : A resource failed to call release. 
06-11 12:59:06.940   993  1010 W System  : A resource failed to call release. 
06-11 12:59:06.940   993  1010 W System  : A resource failed to call release. 
06-11 12:59:06.940   993  1010 W System  : A resource failed to call release. 
06-11 12:59:06.943   686   787 W IPCThreadState: Sending oneway calls to frozen process.
06-11 12:59:06.943   686   787 W IPCThreadState: Sending oneway calls to frozen process.
06-11 12:59:06.943   686   787 W IPCThreadState: Sending oneway calls to frozen process.
06-11 12:59:06.943   686   787 W IPCThreadState: Sending oneway calls to frozen process.
06-11 12:59:06.943  1120  1120 D ActivityThread: Package [com.ash.strefaciszy] reported as REPLACED, but missing application info. Assuming REMOVED.
06-11 12:59:06.944   993  1010 W System  : A resource failed to call release. 
06-11 12:59:06.944  3532  3532 D ActivityThread: Package [com.ash.strefaciszy] reported as REPLACED, but missing application info. Assuming REMOVED.
06-11 12:59:06.947   686   851 I system_server: AssetManager2(0x7c1932327458) locale list changing from [] to [en-US]
06-11 12:59:06.952   993  1010 W System  : A resource failed to call release. 
06-11 12:59:06.953   993  1010 W System  : A resource failed to call release. 
06-11 12:59:06.953   993  1010 W System  : A resource failed to call release. 
06-11 12:59:06.953   993  1010 W System  : A resource failed to call release. 
06-11 12:59:06.956   993  1010 W System  : A resource failed to call release. 
06-11 12:59:06.956   993  1010 W System  : A resource failed to call release. 
06-11 12:59:06.956   993  1010 W System  : A resource failed to call release. 
06-11 12:59:06.957   993  1010 W System  : A resource failed to call release. 
06-11 12:59:06.967   993  1010 W System  : A resource failed to call release. 
06-11 12:59:06.967   993  1010 W System  : A resource failed to call release. 
06-11 12:59:06.967   993  1010 W System  : A resource failed to call release. 
06-11 12:59:06.971  1101  1101 D SatelliteController: packageStateChanged: package:com.ash.strefaciszy DefaultSmsPackageName:com.google.android.apps.messaging
06-11 12:59:06.972  1101  1101 V SatelliteController: Neither SMS or SatelliteGateway package
06-11 12:59:06.985   686   686 W Looper  : Slow dispatch took 159ms main app=system_server main=true group=FOREGROUND h=android.app.ActivityThread$H c=android.app.LoadedApk$ReceiverDispatcher$Args$$ExternalSyntheticLambda0@70725c8 m=0
06-11 12:59:06.985   686   686 W Looper  : Slow delivery took 286ms main app=system_server main=true group=FOREGROUND h=android.app.ActivityThread$H c=android.app.LoadedApk$ReceiverDispatcher$Args$$ExternalSyntheticLambda0@b14e586 m=0
06-11 12:59:06.985   686   686 D ActivityThread: Package [com.ash.strefaciszy] reported as REPLACED, but missing application info. Assuming REMOVED.
06-11 12:59:06.987  1289  1289 D ActivityThread: Package [com.ash.strefaciszy] reported as REPLACED, but missing application info. Assuming REMOVED.
06-11 12:59:06.995  4277  4277 D ActivityThread: Package [com.ash.strefaciszy] reported as REPLACED, but missing application info. Assuming REMOVED.
06-11 12:59:06.996   686   787 W IPCThreadState: Sending oneway calls to frozen process.
06-11 12:59:06.996  2093  2093 D ActivityThread: Package [com.ash.strefaciszy] reported as REPLACED, but missing application info. Assuming REMOVED.
06-11 12:59:06.997   686   787 W IPCThreadState: Sending oneway calls to frozen process.
06-11 12:59:06.997   686   787 W IPCThreadState: Sending oneway calls to frozen process.
06-11 12:59:06.997   686   787 W IPCThreadState: Sending oneway calls to frozen process.
06-11 12:59:06.999   686   787 W IPCThreadState: Sending oneway calls to frozen process.
06-11 12:59:06.999   686   787 W IPCThreadState: Sending oneway calls to frozen process.
06-11 12:59:06.999  1545  1545 D ActivityThread: Package [com.ash.strefaciszy] reported as REPLACED, but missing application info. Assuming REMOVED.
06-11 12:59:06.999   686   787 W IPCThreadState: Sending oneway calls to frozen process.
06-11 12:59:07.000  1601  1601 D ActivityThread: Package [com.ash.strefaciszy] reported as REPLACED, but missing application info. Assuming REMOVED.
06-11 12:59:07.000   686   787 W IPCThreadState: Sending oneway calls to frozen process.
06-11 12:59:07.000   686   787 W IPCThreadState: Sending oneway calls to frozen process.
06-11 12:59:07.000  1569  1569 D ActivityThread: Package [com.ash.strefaciszy] reported as REPLACED, but missing application info. Assuming REMOVED.
06-11 12:59:07.001   686   787 W IPCThreadState: Sending oneway calls to frozen process.
06-11 12:59:07.001   686   787 W IPCThreadState: Sending oneway calls to frozen process.
06-11 12:59:07.001   686   851 V AccessibilityManagerService: onUserStateChangedLocked for userId: 0, forceUpdate: false
06-11 12:59:07.001   686   787 W IPCThreadState: Sending oneway calls to frozen process.
06-11 12:59:07.002  2281  2281 D ActivityThread: Package [com.ash.strefaciszy] reported as REPLACED, but missing application info. Assuming REMOVED.
06-11 12:59:07.004   686   686 W AlarmManager: Package com.ash.strefaciszy, uid 10220 lost permission to set exact alarms!
06-11 12:59:07.005   686   851 W MagnificationConnectionManager: requestConnection duplicated request: connect=false, mConnectionState=DISCONNECTED
06-11 12:59:07.007   686   787 W IPCThreadState: Sending oneway calls to frozen process.
06-11 12:59:07.007   686   787 W IPCThreadState: Sending oneway calls to frozen process.
06-11 12:59:07.007   686   787 W IPCThreadState: Sending oneway calls to frozen process.
06-11 12:59:07.007   686   787 W IPCThreadState: Sending oneway calls to frozen process.
06-11 12:59:07.007   686   787 W IPCThreadState: Sending oneway calls to frozen process.
06-11 12:59:07.007   686   787 W IPCThreadState: Sending oneway calls to frozen process.
06-11 12:59:07.007   686   787 W IPCThreadState: Sending oneway calls to frozen process.
06-11 12:59:07.007   686   787 W IPCThreadState: Sending oneway calls to frozen process.
06-11 12:59:07.007   686   787 W IPCThreadState: Sending oneway calls to frozen process.
06-11 12:59:07.007   686   787 W IPCThreadState: Sending oneway calls to frozen process.
06-11 12:59:07.007   686   787 W IPCThreadState: Sending oneway calls to frozen process.
06-11 12:59:07.007   686   787 W IPCThreadState: Sending oneway calls to frozen process.
06-11 12:59:07.007   686   787 W IPCThreadState: Sending oneway calls to frozen process.
06-11 12:59:07.007   686   787 W IPCThreadState: Sending oneway calls to frozen process.
06-11 12:59:07.007   686   787 W IPCThreadState: Sending oneway calls to frozen process.
06-11 12:59:07.007   686   787 W IPCThreadState: Sending oneway calls to frozen process.
06-11 12:59:07.008   686   787 W IPCThreadState: Sending oneway calls to frozen process.
06-11 12:59:07.008   686   787 W IPCThreadState: Sending oneway calls to frozen process.
06-11 12:59:07.008   686   787 W IPCThreadState: Sending oneway calls to frozen process.
06-11 12:59:07.008   686   787 W IPCThreadState: Sending oneway calls to frozen process.
06-11 12:59:07.008   686   787 W IPCThreadState: Sending oneway calls to frozen process.
06-11 12:59:07.008   686   787 W IPCThreadState: Sending oneway calls to frozen process.
06-11 12:59:07.008   686   787 W IPCThreadState: Sending oneway calls to frozen process.
06-11 12:59:07.008   686   787 W IPCThreadState: Sending oneway calls to frozen process.
06-11 12:59:07.008   686   787 W IPCThreadState: Sending oneway calls to frozen process.
06-11 12:59:07.008   686   787 W IPCThreadState: Sending oneway calls to frozen process.
06-11 12:59:07.008   686   787 W IPCThreadState: Sending oneway calls to frozen process.
06-11 12:59:07.008  3167  3167 D ActivityThread: Package [com.ash.strefaciszy] reported as REPLACED, but missing application info. Assuming REMOVED.
06-11 12:59:07.009  1596  1596 D ActivityThread: Package [com.ash.strefaciszy] reported as REPLACED, but missing application info. Assuming REMOVED.
06-11 12:59:07.009  3181  3181 D ActivityThread: Package [com.ash.strefaciszy] reported as REPLACED, but missing application info. Assuming REMOVED.
06-11 12:59:07.009  1079  1079 D ActivityThread: Package [com.ash.strefaciszy] reported as REPLACED, but missing application info. Assuming REMOVED.
06-11 12:59:07.010  1101  1101 D ActivityThread: Package [com.ash.strefaciszy] reported as REPLACED, but missing application info. Assuming REMOVED.
06-11 12:59:07.010  1630  1630 D ActivityThread: Package [com.ash.strefaciszy] reported as REPLACED, but missing application info. Assuming REMOVED.
06-11 12:59:07.013   993   993 D ActivityThread: Package [com.ash.strefaciszy] reported as REPLACED, but missing application info. Assuming REMOVED.
06-11 12:59:07.017  1058  1058 D ActivityThread: Package [com.ash.strefaciszy] reported as REPLACED, but missing application info. Assuming REMOVED.
06-11 12:59:07.020   686   686 D AppSearchAppsIndexerManagerS: userid in package receiver: 10220
06-11 12:59:07.022   686  2944 W SignedPackage: Package doesn't have required signing certificate: com.google.android.retaildemo
06-11 12:59:07.023   686  2944 E RoleControllerServiceImpl: Default/fallback role holder package doesn't qualify for the role, package: com.google.android.gms.supervision, role: android.app.role.SYSTEM_SUPERVISION
06-11 12:59:07.025   686   686 W IPCThreadState: Sending oneway calls to frozen process.
06-11 12:59:07.025   686   686 W IPCThreadState: Sending oneway calls to frozen process.
06-11 12:59:07.025   686   686 W IPCThreadState: Sending oneway calls to frozen process.
06-11 12:59:07.026   686   686 W IPCThreadState: Sending oneway calls to frozen process.
06-11 12:59:07.026   686   787 D PackageInstallerSession: Marking session 650572656 as applied
06-11 12:59:07.026   686   686 W IPCThreadState: Sending oneway calls to frozen process.
06-11 12:59:07.026   686   686 W IPCThreadState: Sending oneway calls to frozen process.
06-11 12:59:07.027   686   686 W IPCThreadState: Sending oneway calls to frozen process.
06-11 12:59:07.028   686   686 W IPCThreadState: Sending oneway calls to frozen process.
06-11 12:59:07.028   686   686 W IPCThreadState: Sending oneway calls to frozen process.
06-11 12:59:07.028   686   686 W IPCThreadState: Sending oneway calls to frozen process.
06-11 12:59:07.028   686   686 W IPCThreadState: Sending oneway calls to frozen process.
06-11 12:59:07.028   686   686 W IPCThreadState: Sending oneway calls to frozen process.
06-11 12:59:07.028   686   686 W IPCThreadState: Sending oneway calls to frozen process.
06-11 12:59:07.028   686   686 W IPCThreadState: Sending oneway calls to frozen process.
06-11 12:59:07.028  1125  1125 D ActivityThread: Package [com.ash.strefaciszy] reported as REPLACED, but missing application info. Assuming REMOVED.
06-11 12:59:07.028   686   686 D ActivityThread: Package [com.ash.strefaciszy] reported as REPLACED, but missing application info. Assuming REMOVED.
06-11 12:59:07.029   686   686 W Looper  : Drained
06-11 12:59:07.030  2659  5917 I PermissionControllerServiceImpl: Updating user sensitive for uid 10220
06-11 12:59:07.030   686   804 D InstallDependencyHelper: Session complete for 650572656
06-11 12:59:07.027   686   686 W binder:686_D: type=1400 audit(0.0:103): avc:  denied  { getopt } for  scontext=u:r:system_server:s0 tcontext=u:r:shell:s0 tclass=unix_stream_socket permissive=0
06-11 12:59:07.033   686  1037 V Configuration: Updating configuration, locales updated from [] to [en_US]
06-11 12:59:07.033   686  1037 V Configuration: Updating configuration, locales updated from [] to [en_US]
06-11 12:59:07.033   686  1037 V Configuration: Updating configuration, locales updated from [] to [en_US]
06-11 12:59:07.033   686  1037 V Configuration: Updating configuration, locales updated from [] to [en_US]
06-11 12:59:07.033   686  2944 W SignedPackage: Package doesn't have required signing certificate: com.google.android.apps.work.clouddpc
06-11 12:59:07.035   686  1037 V Configuration: Updating configuration, locales updated from [] to [en_US]
06-11 12:59:07.037   686  1037 V Configuration: Updating configuration, locales updated from [] to [en_US]
06-11 12:59:07.037   686  1037 V Configuration: Updating configuration, locales updated from [] to [en_US]
06-11 12:59:07.037   686  1037 V Configuration: Updating configuration, locales updated from [] to [en_US]
06-11 12:59:07.037   686  1037 V Configuration: Updating configuration, locales updated from [] to [en_US]
06-11 12:59:07.037   686  1037 V Configuration: Updating configuration, locales updated from [] to [en_US]
06-11 12:59:07.037   686  1037 V Configuration: Updating configuration, locales updated from [] to [en_US]
06-11 12:59:07.037   686  1037 V Configuration: Updating configuration, locales updated from [] to [en_US]
06-11 12:59:07.038   686  1037 V Configuration: Updating configuration, locales updated from [] to [en_US]
06-11 12:59:07.039  1484  1484 D ActivityThread: Package [com.ash.strefaciszy] reported as REPLACED, but missing application info. Assuming REMOVED.
06-11 12:59:07.059   686  1609 I system_server: AssetManager2(0x7c19322bef98) locale list changing from [] to [en-US]
06-11 12:59:07.059  2659  2659 D ActivityThread: Package [com.ash.strefaciszy] reported as REPLACED, but missing application info. Assuming REMOVED.
06-11 12:59:07.062   686   761 D ActivityManager: sync unfroze 2427 com.android.vending for 3
06-11 12:59:07.073  2427  2427 I Finsky  : [2] Memory trim requested to level 40
06-11 12:59:07.073  2427  2427 I Finsky  : [2] Flushing in-memory image cache
06-11 12:59:07.073   686   761 D ActivityManager: sync unfroze 2869 com.android.vending:background for 3
06-11 12:59:07.079  2869  2869 I Finsky:background: [2] Memory trim requested to level 40
06-11 12:59:07.099   686  1026 W ProcessStats: Tracking association SourceState{b7153bc system/1000 ImpFg #3437} whose proc state 5 is better than process ProcessState{7ee0843 com.google.android.permissioncontroller/10192 pkg=com.google.android.permissioncontroller} proc state 14 (9 skipped)
06-11 12:59:07.102  1484  1484 D ActivityThread: Package [com.ash.strefaciszy] reported as REPLACED, but missing application info. Assuming REMOVED.
06-11 12:59:07.107  2427  2427 D ActivityThread: Package [com.ash.strefaciszy] reported as REPLACED, but missing application info. Assuming REMOVED.
06-11 12:59:07.107  2427  2427 D ActivityThread: Package [com.ash.strefaciszy] reported as REPLACED, but missing application info. Assuming REMOVED.
06-11 12:59:07.107  2427  2427 I Finsky  : [2] Memory trim requested to level 40
06-11 12:59:07.108  2427  2427 I Finsky  : [2] Flushing in-memory image cache
06-11 12:59:07.108  2427  2427 I Finsky  : [2] Memory trim requested to level 40
06-11 12:59:07.108  2427  2427 I Finsky  : [2] Flushing in-memory image cache
06-11 12:59:07.120  2869  2869 I Finsky:background: [2] Memory trim requested to level 40
06-11 12:59:07.128   686   710 I system_server: Background concurrent mark compact GC freed 21MB AllocSpace bytes, 51(1360KB) LOS objects, 38% free, 37MB/61MB, paused 14.741ms,3.933ms total 483.031ms
06-11 12:59:07.135  2869  2869 I Finsky:background: [2] Memory trim requested to level 40
06-11 12:59:07.135  2869  2869 D ActivityThread: Package [com.ash.strefaciszy] reported as REPLACED, but missing application info. Assuming REMOVED.
06-11 12:59:07.143  2427  2427 I Finsky  : [2] adpz - Received: android.intent.action.PACKAGE_REMOVED, [6tVnMvq-lIcRDSzaSsfWhl4IZEZPu_iTs6l3ONmRbcI]
06-11 12:59:07.146  1569  1569 I AiAiTextClassifier: onDestroyTextClassificationSession = TextClassificationSessionId {6b1a2afb-79d4-47c2-93ea-df9715399b42}
06-11 12:59:07.147  2869  2869 D ActivityThread: Package [com.ash.strefaciszy] reported as REPLACED, but missing application info. Assuming REMOVED.
06-11 12:59:07.150  2869  2869 I Finsky:background: [2] Memory trim requested to level 40
06-11 12:59:07.150  2869  2869 I Finsky:background: [2] Memory trim requested to level 40
06-11 12:59:07.155  2869  2869 I Finsky:background: [2] adpn - Received: android.intent.action.PACKAGE_REMOVED, [6tVnMvq-lIcRDSzaSsfWhl4IZEZPu_iTs6l3ONmRbcI]
06-11 12:59:07.156  1545  1545 W MediaProvider: WorkProfileOwnerApps cache is empty
06-11 12:59:07.157  1545  1545 D PickerSyncLockManager: Trying to acquire lock com.android.providers.media.photopicker.sync.CloseableReentrantLock@ac313a[Unlocked]. Lock Name = CLOUD_PROVIDER_LOCK. Threads that may be waiting to acquire this lock = []
06-11 12:59:07.157  1545  1545 D CloseableReentrantLock: Successfully acquired lock com.android.providers.media.photopicker.sync.CloseableReentrantLock@ac313a[Locked by thread main]. Lock Name = CLOUD_PROVIDER_LOCK. Threads that may be waiting to acquire this lock = []
06-11 12:59:07.157  1545  1545 D CloseableReentrantLock: Successfully released lock com.android.providers.media.photopicker.sync.CloseableReentrantLock@ac313a[Unlocked]. Lock Name = CLOUD_PROVIDER_LOCK. Threads that may be waiting to acquire this lock = []
06-11 12:59:07.159   686  2944 E RoleControllerServiceImpl: Default/fallback role holder package doesn't qualify for the role, package: com.google.android.gms, role: android.app.role.WALLET
06-11 12:59:07.164   686   760 I system_server: AssetManager2(0x7c1932333938) locale list changing from [] to [en-US]
06-11 12:59:07.172  1596  1596 I fgdw    : (REDACTED) O received %s
06-11 12:59:07.201  2869  2869 I Finsky:background: [2] IQ: onPackageRemoved com.ash.strefaciszy, replacing=true, uninstallingFromPlay=false
06-11 12:59:07.206  2869  5945 I Finsky:background: [122] IQ: handled package removed
06-11 12:59:07.215   686  1236 W ActivityTaskManager: callingPackage for (uid=2000, pid=5942) has no WPC
06-11 12:59:07.230  1596  1596 I fgdw    : (REDACTED) O received %s
06-11 12:59:07.230  1596  1596 I fgdw    : (REDACTED) O received %s
06-11 12:59:07.236   686   712 W System  : A resource failed to call close. 
06-11 12:59:07.239  2869  5940 I Finsky:background: [120] Wrote row to frosting DB: 1164
06-11 12:59:07.244  2869  5940 I Finsky:background: [120] Wrote row to frosting DB: 1165
06-11 12:59:07.255  2427  2427 I Finsky  : [2] SCH: Received scheduling request: Id: 12-1, Constraints: [{ L: 15000, D: 86400000, C: CHARGING_NONE, I: IDLE_NONE, N: NET_ANY, B: BATTERY_ANY }]
06-11 12:59:07.261   686  1236 D CompatChangeReporter: Compat change id reported: 151861875; UID 10220; state: ENABLED
06-11 12:59:07.264   686  1236 V GrammaticalInflectionUtils: AttributionSource: android.content.AttributionSource@5707b17c does not have READ_SYSTEM_GRAMMATICAL_GENDER permission.
06-11 12:59:07.270   686  1236 W OptProp : Cannot read opt property android.window.PROPERTY_COMPAT_ALLOW_USER_ASPECT_RATIO_OVERRIDE
06-11 12:59:07.270   686  1236 W OptProp : Cannot read opt property android.window.PROPERTY_COMPAT_ALLOW_USER_ASPECT_RATIO_FULLSCREEN_OVERRIDE
06-11 12:59:07.271   686  1236 W OptProp : Cannot read opt property android.window.PROPERTY_COMPAT_ALLOW_RESIZEABLE_ACTIVITY_OVERRIDES
06-11 12:59:07.271   686  1236 W OptProp : Cannot read opt property android.window.PROPERTY_COMPAT_ALLOW_MIN_ASPECT_RATIO_OVERRIDE
06-11 12:59:07.282   686  1236 W OptProp : Cannot read opt property android.window.PROPERTY_COMPAT_ALLOW_ORIENTATION_OVERRIDE
06-11 12:59:07.283  2869  2869 I Finsky:background: [2] adpn - Received: android.intent.action.PACKAGE_ADDED, [6tVnMvq-lIcRDSzaSsfWhl4IZEZPu_iTs6l3ONmRbcI]
06-11 12:59:07.292   686  1236 I ActivityTaskManager: START u0 {act=android.intent.action.MAIN cat=[android.intent.category.LAUNCHER] flg=0x30000000 xflg=0x4 cmp=com.ash.strefaciszy/.MainActivity (has extras)} with LAUNCH_SINGLE_TOP from uid 2000 (BAL_ALLOW_PERMISSION) result code=0
06-11 12:59:07.295  2869  2886 W ding:background: Suspending all threads took: 6.038ms
06-11 12:59:07.301  2869  2869 I Finsky:background: [2] adpn - Received: android.intent.action.PACKAGE_ADDED, [6tVnMvq-lIcRDSzaSsfWhl4IZEZPu_iTs6l3ONmRbcI]
06-11 12:59:07.311  2869  5940 I Finsky:background: [120] Wrote row to frosting DB: 1166
06-11 12:59:07.313   993  1057 V WindowManagerShell: Transition requested (#34): android.os.BinderProxy@b59ebdb TransitionRequestInfo { type = OPEN, triggerTask = TaskInfo{userId=0 taskId=56 effectiveUid=10220 displayId=0 isRunning=true baseIntent=Intent { act=android.intent.action.MAIN cat=[android.intent.category.LAUNCHER] flg=0x30000000 cmp=com.ash.strefaciszy/.MainActivity } baseActivity=ComponentInfo{com.ash.strefaciszy/com.ash.strefaciszy.MainActivity} topActivity=ComponentInfo{com.ash.strefaciszy/com.ash.strefaciszy.MainActivity} origActivity=null realActivity=ComponentInfo{com.ash.strefaciszy/com.ash.strefaciszy.MainActivity} numActivities=1 lastActiveTime=1810446 supportsMultiWindow=true resizeMode=1 isResizeable=true minWidth=-1 minHeight=-1 defaultMinSize=220 token=WCT{android.window.IWindowContainerToken$Stub$Proxy@1885678} topActivityType=1 pictureInPictureParams=null shouldDockBigOverlays=false launchIntoPipHostTaskId=-1 lastParentTaskIdBeforePip=-1 displayCutoutSafeInsets=Rect(0, 0 - 0, 0) topActivityInfo=ActivityInfo{a359151 com.ash.strefaciszy.MainActivity} launchCookies=[] positionInParent=Point(0, 0) parentTaskId=-1 isFocused=false isVisible=false isVisibleRequested=false isTopActivityNoDisplay=false isSleeping=false locusId=null displayAreaFeatureId=1 isTopActivityTransparent=false isActivityStackTransparent=false lastNonFullscreenBounds=Rect(284, 660 - 796, 1740) capturedLink=null capturedLinkTimestamp=0 requestedVisibleTypes=-9 topActivityRequestOpenInBrowserEducationTimestamp=0 appCompatTaskInfo=AppCompatTaskInfo { topActivityInSizeCompat=false eligibleForLetterboxEducation= false isLetterboxEducationEnabled= true isLetterboxDoubleTapEnabled= false eligibleForUserAspectRatioButton= false topActivityBoundsLetterboxed= false isFromLetterboxDoubleTap= false topActivityLetterboxVerticalPosition= -1 topActivityLetterboxHorizontalPosition= -1 topActivityLetterboxWidth=-1 topActivityLetterboxHeight=-1 topActivityAppBounds=Rect(0, 0 - 1080, 2400) isUserFullscreenOverrideEnabled=false isSystemFullscreenOverrideEnabled=false hasMinAspectRatioOverride=false topActivityLetterboxBounds=null cameraCompatTaskInfo=CameraCompatTaskInfo { freeformCameraCompatMode=inactive}} topActivityMainWindowFrame=null}, pipChange = null, remoteTransition = null, displayChange = null, flags = 0, debugId = 34 }
06-11 12:59:07.313   993  1057 D ShellSplitScreen: logExit: no-op, mLoggerSessionId is null
06-11 12:59:07.314   686   760 I system_server: AssetManager2(0x7c193232e1b8) locale list changing from [] to [en-US]
06-11 12:59:07.315   530  1203 I BpBinder: onLastStrongRef automatically unlinking death recipients: 
06-11 12:59:07.315  1120  1120 W SplitSelectStateCtor: Missing session instanceIds
06-11 12:59:07.315  1120  1120 D StatsLog: LAUNCHER_SPLIT_SELECTION_EXIT_INTERRUPTED
06-11 12:59:07.318   686  1235 I AppsFilter: interaction: PackageSetting{ca8949b com.android.microdroid.empty_payload/10200} -> PackageSetting{906cc20 com.ash.strefaciszy/10220} BLOCKED
06-11 12:59:07.319   686  1235 I AppsFilter: interaction: PackageSetting{e7c4811 com.ashapp.horsevibe/10215} -> PackageSetting{906cc20 com.ash.strefaciszy/10220} BLOCKED
06-11 12:59:07.319   686  1235 I AppsFilter: interaction: PackageSetting{4f1df77 com.example.strefa_ciszy/10216} -> PackageSetting{906cc20 com.ash.strefaciszy/10220} BLOCKED
06-11 12:59:07.342  2869  2869 I Finsky:background: [2] adpn - Deduping intent android.intent.action.PACKAGE_ADDED
06-11 12:59:07.350  2869  2869 I Finsky:background: [2] adpn - Received: android.intent.action.PACKAGE_ADDED, [6tVnMvq-lIcRDSzaSsfWhl4IZEZPu_iTs6l3ONmRbcI]
06-11 12:59:07.352   530   530 I BpBinder: onLastStrongRef automatically unlinking death recipients: 
06-11 12:59:07.364  2869  2869 I Finsky:background: [2] adpn - Deduping intent android.intent.action.PACKAGE_ADDED
06-11 12:59:07.365  2869  3092 I Finsky:background: [61] RECEIVER_PACKAGE_MONITOR_BACKGROUND#logWorkEndAndFinishGoAsync: SUCCESS
06-11 12:59:07.380  2869  5940 I Finsky:background: [120] Wrote row to frosting DB: 1167
06-11 12:59:07.381   686  1321 D ActivityManager: sync unfroze 1731 com.google.android.googlequicksearchbox:search for 6
06-11 12:59:07.388   686   760 I system_server: AssetManager2(0x7c193232d538) locale list changing from [] to [en-US]
06-11 12:59:07.390  2869  5940 I Finsky:background: [120] Wrote row to frosting DB: 1168
06-11 12:59:07.402   686  1321 D ActivityManager: sync unfroze 4709 com.google.android.adservices.api for 6
06-11 12:59:07.406  4709  4709 D ActivityThread: Package [com.ash.strefaciszy] reported as REPLACED, but missing application info. Assuming REMOVED.
06-11 12:59:07.406   993  1057 D WindowManagerShell: setLauncherKeepClearAreaHeight: visible=false, height=527
06-11 12:59:07.407  4709  4709 D ActivityThread: Package [com.ash.strefaciszy] reported as REPLACED, but missing application info. Assuming REMOVED.
06-11 12:59:07.411   993  1155 I ndroid.systemui: AssetManager2(0x7c19322fcb18) locale list changing from [] to [en-US]
06-11 12:59:07.415   686  1236 D CompatChangeReporter: Compat change id reported: 309578419; UID 10220; state: ENABLED
06-11 12:59:07.426  2869  5940 I Finsky:background: [120] Wrote row to frosting DB: 1169
06-11 12:59:07.439   993  1156 W HWUI    : Image decoding logging dropped!
06-11 12:59:07.440   686   937 D BackgroundInstallControlService: Package event received: 0
06-11 12:59:07.440   686   937 D BackgroundInstallControlService: Package event received: 0
06-11 12:59:07.472   686  1321 D ActivityManager: sync unfroze 3624 com.android.chrome for 6
06-11 12:59:07.473   686  1321 D ActivityManager: sync unfroze 4666 com.google.android.webview:sandboxed_process0:org.chromium.content.app.SandboxedProcessService0:0 for 6
06-11 12:59:07.514   686  2817 D CoreBackPreview: Window{b74ee6a u0 Splash Screen com.ash.strefaciszy}: Setting back callback OnBackInvokedCallbackInfo{mCallback=android.window.IOnBackInvokedCallback$Stub$Proxy@151a3f8, mPriority=0, mIsAnimationCallback=false, mOverrideBehavior=0}
06-11 12:59:07.565  4666  4666 D ActivityThread: Package [com.ash.strefaciszy] reported as REPLACED, but missing application info. Assuming REMOVED.
06-11 12:59:07.579  4666  4666 D ActivityThread: Package [com.ash.strefaciszy] reported as REPLACED, but missing application info. Assuming REMOVED.
06-11 12:59:07.584  2427  2427 I Finsky  : [2] adpz - Received: android.intent.action.PACKAGE_ADDED, [6tVnMvq-lIcRDSzaSsfWhl4IZEZPu_iTs6l3ONmRbcI]
06-11 12:59:07.585   686   686 W Looper  : Slow dispatch took 275ms main app=system_server main=true group=FOREGROUND h=com.android.server.notification.NotificationManagerService$WorkerHandler c=com.android.server.notification.NotificationManagerService$CancelNotificationRunnable@4f907a4 m=0
06-11 12:59:07.590   993  5511 V WindowManagerShell: onTransitionReady(transaction=2946347566158)
06-11 12:59:07.593   993  1057 V WindowManagerShell: onTransitionReady (#34) android.os.BinderProxy@b59ebdb: {id=34 t=OPEN f=0x0 trk=0 r=[0@Point(0, 0)] c=[
06-11 12:59:07.593   993  1057 V WindowManagerShell:         {m=OPEN f=NONE leash=Surface(name=Task=56)/@0xb3646a2 sb=Rect(0, 0 - 1080, 2400) eb=Rect(0, 0 - 1080, 2400) epz=Point(1080, 2400) d=0 taskParent=-1},
06-11 12:59:07.593   993  1057 V WindowManagerShell:         {m=TO_BACK f=SHOW_WALLPAPER leash=Surface(name=Task=1)/@0x2ed9f33 sb=Rect(0, 0 - 1080, 2400) eb=Rect(0, 0 - 1080, 2400) epz=Point(1080, 2400) d=0 taskParent=-1},
06-11 12:59:07.593   993  1057 V WindowManagerShell:         {m=TO_BACK f=IS_WALLPAPER leash=Surface(name=WallpaperWindowToken{954f65a showWhenLocked=false})/@0xa2082f0 sb=Rect(0, 0 - 1080, 2400) eb=Rect(0, 0 - 1080, 2400) epz=Point(1080, 2400) d=0}
06-11 12:59:07.593   993  1057 V WindowManagerShell:     ]}
06-11 12:59:07.593   993  1057 V WindowManagerShell: Playing animation for (#34) android.os.BinderProxy@b59ebdb@0
06-11 12:59:07.594   993  1057 V ShellRecents: RecentsTransitionHandler.startAnimation: no controller found
06-11 12:59:07.594   993  1057 V WindowManagerShell: Transition doesn't have explicit remote, search filters for match for {id=34 t=OPEN f=0x0 trk=0 r=[0@Point(0, 0)] c=[{m=OPEN f=NONE leash=Surface(name=Task=56)/@0xb3646a2 sb=Rect(0, 0 - 1080, 2400) eb=Rect(0, 0 - 1080, 2400) epz=Point(1080, 2400) d=0 taskParent=-1},{m=TO_BACK f=SHOW_WALLPAPER leash=Surface(name=Task=1)/@0x2ed9f33 sb=Rect(0, 0 - 1080, 2400) eb=Rect(0, 0 - 1080, 2400) epz=Point(1080, 2400) d=0 taskParent=-1},{m=TO_BACK f=IS_WALLPAPER leash=Surface(name=WallpaperWindowToken{954f65a showWhenLocked=false})/@0xa2082f0 sb=Rect(0, 0 - 1080, 2400) eb=Rect(0, 0 - 1080, 2400) epz=Point(1080, 2400) d=0}]}
06-11 12:59:07.594   993  1057 V WindowManagerShell:  Checking filter Pair{{types=[] flags=0x0] notFlags=0x0 checks=[{atype=undefined independent=true modes=[CLOSE,TO_BACK] flags=IN_TASK_WITH_EMBEDDED_ACTIVITY mustBeTask=false order=ANY topActivity=null launchCookie=null taskFragmentToken=android.os.BinderProxy@b0b5dd windowingMode=undefined}]} RemoteTransition { remoteTransition = android.window.IRemoteTransition$Stub$Proxy@894f552, appThread = android.app.IApplicationThread$Stub$Proxy@997a023, debugName = overlayBackTransition }}
06-11 12:59:07.594   993  1057 V WindowManagerShell:  Checking filter Pair{{types=[] flags=0x0] notFlags=0x0 checks=[{atype=dream independent=true modes=[OPEN,TO_FRONT] flags=NONE mustBeTask=false order=ANY topActivity=null launchCookie=null windowingMode=undefined},{atype=home independent=true modes=[CLOSE,TO_BACK] flags=NONE mustBeTask=false order=ANY topActivity=null launchCookie=null windowingMode=undefined}]} RemoteTransition { remoteTransition = android.window.IRemoteTransition$Stub$Proxy@66c0920, appThread = android.app.IApplicationThread$Stub$Proxy@587d2d9, debugName = LauncherToDream }}
06-11 12:59:07.594   993  1057 V WindowManagerShell:  Checking filter Pair{{types=[] flags=0x0] notFlags=0x100 checks=[{atype=home independent=true modes=[OPEN,TO_FRONT] flags=NONE mustBeTask=false order=TOP topActivity=ComponentInfo{com.google.android.apps.nexuslauncher/com.google.android.apps.nexuslauncher.NexusLauncherActivity} launchCookie=null windowingMode=undefined},{atype=standard independent=true modes=[CLOSE,TO_BACK] flags=NONE mustBeTask=false order=ANY topActivity=null launchCookie=null windowingMode=undefined},{NOT atype=undefined independent=true modes=[] flags=NONE mustBeTask=true order=ANY topActivity=null launchCookie=null customAnim=true windowingMode=undefined}]} RemoteTransition { remoteTransition = android.window.IRemoteTransition$Stub$Proxy@9e9149e, appThread = android.app.IApplicationThread$Stub$Proxy@cba1b7f, debugName = QuickstepLaunchHome }}
06-11 12:59:07.594   993  1057 V WindowManagerShell:  Delegate animation for (#34) to null
06-11 12:59:07.594   993  1057 V WindowManagerShell: start default transition animation, info = {id=34 t=OPEN f=0x0 trk=0 r=[0@Point(0, 0)] c=[{m=OPEN f=NONE leash=Surface(name=Task=56)/@0xb3646a2 sb=Rect(0, 0 - 1080, 2400) eb=Rect(0, 0 - 1080, 2400) epz=Point(1080, 2400) d=0 taskParent=-1},{m=TO_BACK f=SHOW_WALLPAPER leash=Surface(name=Task=1)/@0x2ed9f33 sb=Rect(0, 0 - 1080, 2400) eb=Rect(0, 0 - 1080, 2400) epz=Point(1080, 2400) d=0 taskParent=-1},{m=TO_BACK f=IS_WALLPAPER leash=Surface(name=WallpaperWindowToken{954f65a showWhenLocked=false})/@0xa2082f0 sb=Rect(0, 0 - 1080, 2400) eb=Rect(0, 0 - 1080, 2400) epz=Point(1080, 2400) d=0}]}
06-11 12:59:07.594   993  1057 V WindowManagerShell: loadAnimation: anim=android.view.animation.AnimationSet@5d62aee animAttr=0x13 type=OPEN isEntrance=false
06-11 12:59:07.644   993  1057 V WindowManagerShell: loadAnimation: anim=android.view.animation.AnimationSet@522de1c animAttr=0x12 type=OPEN isEntrance=true
06-11 12:59:07.649   686   749 V WindowManager: Sent Transition (#34) createdAt=06-11 12:59:07.273 via request=TransitionRequestInfo { type = OPEN, triggerTask = TaskInfo{userId=0 taskId=56 effectiveUid=10220 displayId=0 isRunning=true baseIntent=Intent { act=android.intent.action.MAIN cat=[android.intent.category.LAUNCHER] flg=0x30000000 cmp=com.ash.strefaciszy/.MainActivity } baseActivity=ComponentInfo{com.ash.strefaciszy/com.ash.strefaciszy.MainActivity} topActivity=ComponentInfo{com.ash.strefaciszy/com.ash.strefaciszy.MainActivity} origActivity=null realActivity=ComponentInfo{com.ash.strefaciszy/com.ash.strefaciszy.MainActivity} numActivities=1 lastActiveTime=1810446 supportsMultiWindow=true resizeMode=1 isResizeable=true minWidth=-1 minHeight=-1 defaultMinSize=220 token=WCT{RemoteToken{5f8b52f Task{fb06187 #56 type=standard I=com.ash.strefaciszy/.MainActivity}}} topActivityType=1 pictureInPictureParams=null shouldDockBigOverlays=false launchIntoPipHostTaskId=-1 lastParentTaskIdBeforePip=-1 displayCutoutSafeInsets=Rect(0, 0 - 0, 0) topActivityInfo=ActivityInfo{373a73c com.ash.strefaciszy.MainActivity} launchCookies=[] positionInParent=Point(0, 0) parentTaskId=-1 isFocused=false isVisible=false isVisibleRequested=false isTopActivityNoDisplay=false isSleeping=false locusId=null displayAreaFeatureId=1 isTopActivityTransparent=false isActivityStackTransparent=false lastNonFullscreenBounds=Rect(284, 660 - 796, 1740) capturedLink=null capturedLinkTimestamp=0 requestedVisibleTypes=-9 topActivityRequestOpenInBrowserEducationTimestamp=0 appCompatTaskInfo=AppCompatTaskInfo { topActivityInSizeCompat=false eligibleForLetterboxEducation= false isLetterboxEducationEnabled= true isLetterboxDoubleTapEnabled= false eligibleForUserAspectRatioButton= false topActivityBoundsLetterboxed= false isFromLetterboxDoubleTap= false topActivityLetterboxVerticalPosition= -1 topActivityLetterboxHorizontalPosition= -1 topActivityLetterboxWidth=-1 topActivityLetterboxHeight=-1 topActivityAppBounds=Rect(0, 0 - 1080, 2400) isUserFullscreenOverrideEnabled=false isSystemFullscreenOverrideEnabled=false hasMinAspectRatioOverride=false topActivityLetterboxBounds=null cameraCompatTaskInfo=CameraCompatTaskInfo { freeformCameraCompatMode=inactive}} topActivityMainWindowFrame=null}, pipChange = null, remoteTransition = null, displayChange = null, flags = 0, debugId = 34 }
06-11 12:59:07.649   686   749 V WindowManager:     startWCT=WindowContainerTransaction { changes= {} hops= [] errorCallbackToken=null taskFragmentOrganizer=null }
06-11 12:59:07.658  3624  3624 D ActivityThread: Package [com.ash.strefaciszy] reported as REPLACED, but missing application info. Assuming REMOVED.
06-11 12:59:07.673   993  1057 V WindowManagerShell:  animated by com.android.wm.shell.transition.DefaultTransitionHandler@49f00e2
06-11 12:59:07.695  3624  3624 D ActivityThread: Package [com.ash.strefaciszy] reported as REPLACED, but missing application info. Assuming REMOVED.
06-11 12:59:07.699   686   808 E AppOps  : attributionTag VCN not declared in manifest of android
06-11 12:59:07.703   686   752 V GrammaticalInflectionUtils: AttributionSource: android.content.AttributionSource@5707b17c does not have READ_SYSTEM_GRAMMATICAL_GENDER permission.
06-11 12:59:07.713   603   674 W IPCThreadState: Sending oneway calls to frozen process.
06-11 12:59:07.725  3624  3628 W .android.chrome: Suspending all threads took: 7.686ms
06-11 12:59:07.759   686  1321 W HWUI    : Image decoding logging dropped!
06-11 12:59:07.773  1731  1731 D ActivityThread: Package [com.ash.strefaciszy] reported as REPLACED, but missing application info. Assuming REMOVED.
06-11 12:59:07.778  1731  1731 D ActivityThread: Package [com.ash.strefaciszy] reported as REPLACED, but missing application info. Assuming REMOVED.
06-11 12:59:07.782   686   937 D BackgroundInstallControlService: Package event received: 0
06-11 12:59:07.791   459   459 I Zygote  : Entering forkRepeatedly native zygote loop
06-11 12:59:07.867   686   848 I system_server: AssetManager2(0x7c1932330d78) locale list changing from [] to [en-US]
06-11 12:59:07.884   686   749 V WindowManager:     info={id=34 t=OPEN f=0x0 trk=0 r=[0@Point(0, 0)] c=[
06-11 12:59:07.884   686   749 V WindowManager:         {WCT{RemoteToken{5f8b52f Task{fb06187 #56 type=standard I=com.ash.strefaciszy/.MainActivity}}} m=OPEN f=NONE leash=Surface(name=Task=56)/@0xdeb8736 sb=Rect(0, 0 - 1080, 2400) eb=Rect(0, 0 - 1080, 2400) epz=Point(1080, 2400) d=0 taskParent=-1},
06-11 12:59:07.884   686   749 V WindowManager:         {WCT{RemoteToken{8c45cd2 Task{a82f423 #1 type=home}}} m=TO_BACK f=SHOW_WALLPAPER leash=Surface(name=Task=1)/@0x43b7a9c sb=Rect(0, 0 - 1080, 2400) eb=Rect(0, 0 - 1080, 2400) epz=Point(1080, 2400) d=0 taskParent=-1},
06-11 12:59:07.884   686   749 V WindowManager:         {m=TO_BACK f=IS_WALLPAPER leash=Surface(name=WallpaperWindowToken{954f65a showWhenLocked=false})/@0x4383a0f sb=Rect(0, 0 - 1080, 2400) eb=Rect(0, 0 - 1080, 2400) epz=Point(1080, 2400) d=0}
06-11 12:59:07.884   686   749 V WindowManager:     ]}
06-11 12:59:07.898   459   459 D Zygote  : Forked child process 5968
06-11 12:59:07.911   686   762 W ActivityManager: Slow operation: 207ms so far, now at startProcess: returned from zygote!
06-11 12:59:07.937   686   848 I system_server: AssetManager2(0x7c1932339a18) locale list changing from [] to [en-US]
06-11 12:59:07.962   686   762 W ActivityManager: Slow operation: 258ms so far, now at startProcess: done updating battery stats
06-11 12:59:07.962   686   762 W ActivityManager: Slow operation: 258ms so far, now at startProcess: building log message
06-11 12:59:07.962   686   762 I ActivityManager: Start proc 5968:com.ash.strefaciszy/u0a220 for next-top-activity {com.ash.strefaciszy/com.ash.strefaciszy.MainActivity}
06-11 12:59:07.962   686   762 W ActivityManager: Slow operation: 258ms so far, now at startProcess: starting to update pids map
06-11 12:59:07.964   686   762 I ActivityManager: ProcessObserver broadcast disabled
06-11 12:59:07.964   686   762 W ActivityManager: Slow operation: 261ms so far, now at startProcess: done updating pids map
06-11 12:59:07.971  2869  2869 I Finsky:background: [2] Memory trim requested to level 40
06-11 12:59:07.993   993  1057 V WindowManagerShell: Transition animation finished (aborted=false), notifying core (#34) android.os.BinderProxy@b59ebdb@0
06-11 12:59:08.027  2427  2427 I Finsky  : [2] DTU: Received onPackageAdded, replacing: true
06-11 12:59:08.048  2427  5949 I Finsky  : [171] SCH: Received scheduling request: Id: 12-1, Constraints: [{ L: 15000, D: 86400000, C: CHARGING_NONE, I: IDLE_NONE, N: NET_ANY, B: BATTERY_ANY }]
06-11 12:59:08.071  1484  5951 I Auth    : (REDACTED) [SupervisedAccountIntentOperationV2] onHandleIntent: %s
06-11 12:59:08.136   686   749 W Looper  : Slow dispatch took 272ms android.fg app=system_server main=false group=FOREGROUND h=android.os.Handler c=com.android.server.wm.TransitionController$Logger@ee3907 m=0
06-11 12:59:08.136   686   749 W Looper  : Slow delivery took 426ms android.fg app=system_server main=false group=FOREGROUND h=android.os.Handler c=com.android.server.power.hint.HintManagerService$MyUidObserver$$ExternalSyntheticLambda0@d389a34 m=0
06-11 12:59:08.137   686   749 V WindowManager: Finish Transition (#34): created at 06-11 12:59:07.273 collect-started=0.146ms request-sent=18.455ms started=63.337ms ready=298.007ms sent=307.79ms commit=95.349ms finished=757.037ms
06-11 12:59:08.138   993  1057 V WindowManagerShell: Track 0 became idle
06-11 12:59:08.138   993  1057 V WindowManagerShell: All active transition animations finished
06-11 12:59:08.129  1289  5926 I ProximityAuth: [RecentAppsMediator] Package added: (user=UserHandle{0}) com.ash.strefaciszy
06-11 12:59:08.141  5968  5968 I ash.strefaciszy: Late-enabling -Xcheck:jni
06-11 12:59:08.153  1120  1120 D VRI[NexusLauncherActivity]: visibilityChanged oldVisibility=true newVisibility=false
06-11 12:59:08.154  1120  1120 D NexusLauncherModelDelegate: notifySmartspaceEvent: SmartspaceTargetEvent{mSmartspaceTarget=null, mSmartspaceActionId='null', mEventType=7}
06-11 12:59:08.154   686  2944 I system_server: AssetManager2(0x7c19324220d8) locale list changing from [] to [en-US]
06-11 12:59:08.199  5968  5968 I ash.strefaciszy: Using CollectorTypeCMC GC.
06-11 12:59:08.202  1484  1484 D BoundBrokerSvc: onBind: Intent { act=com.google.android.gms.chromesync.service.firstparty.START dat=chimera-action:/... xflg=0x4 cmp=com.google.android.gms/.chimera.GmsApiService }
06-11 12:59:08.202  1484  1484 D BoundBrokerSvc: Loading bound service for intent: Intent { act=com.google.android.gms.chromesync.service.firstparty.START dat=chimera-action:/... xflg=0x4 cmp=com.google.android.gms/.chimera.GmsApiService }
06-11 12:59:08.228   686  2944 W SignedPackage: Cannot get ApplicationInfo for package: com.google.android.devicelockcontroller
06-11 12:59:08.238  5968  5968 W ash.strefaciszy: Unexpected CPU variant for x86: x86_64.
06-11 12:59:08.238  5968  5968 W ash.strefaciszy: Known variants: atom, sandybridge, silvermont, goldmont, goldmont-plus, goldmont-without-sha-xsaves, tremont, kabylake, alderlake, default
06-11 12:59:08.298   533   559 I adbd    : jdwp connection from 5968
06-11 12:59:08.320   224   224 I lowmemorykiller: Kill 'com.android.camera2' (3046), uid 10151, oom_score_adj 995 to free 46672kB rss, 36756kB swap; reason: low watermark is breached
06-11 12:59:08.327  1289  5929 I Fitness : (REDACTED) FitCleanupIntentOperation received Intent %s
06-11 12:59:08.329  1484  5948 W SQLiteLog: (28) double-quoted string literal: "com.ash.strefaciszy"
06-11 12:59:08.338  2427  2427 I Finsky  : [2] adpz - Received: android.intent.action.PACKAGE_ADDED, [6tVnMvq-lIcRDSzaSsfWhl4IZEZPu_iTs6l3ONmRbcI]
06-11 12:59:08.353  2427  2427 I Finsky  : [2] adpz - Deduping intent android.intent.action.PACKAGE_ADDED
06-11 12:59:08.358  2427  2427 I Finsky  : [2] adpz - Received: android.intent.action.PACKAGE_ADDED, [6tVnMvq-lIcRDSzaSsfWhl4IZEZPu_iTs6l3ONmRbcI]
06-11 12:59:08.373  2427  2427 I Finsky  : [2] adpz - Deduping intent android.intent.action.PACKAGE_ADDED
06-11 12:59:08.377  2427  2695 I Finsky  : [44] RECEIVER_PACKAGE_MONITOR#logWorkEndAndFinishGoAsync: SUCCESS
06-11 12:59:08.392  1484  5686 I gle.android.gms: AssetManager2(0x7c19322b43b8) locale list changing from [] to [en-US]
06-11 12:59:08.452   459   459 I Zygote  : Process 3046 exited due to signal 9 (Killed)
06-11 12:59:08.454  5968  5968 D nativeloader: Load libframework-connectivity-tiramisu-jni.so using APEX ns com_android_tethering for caller /apex/com.android.tethering/javalib/framework-connectivity-t.jar: ok
06-11 12:59:08.462  1731  2136 W acyb    : Abort, client detached.
06-11 12:59:08.462  1731  2136 W acyb    : Abort, client detached.
06-11 12:59:08.462   686  1762 I ActivityManager: Process com.android.camera2 (pid 3046) has died: cch+95 CEM 
06-11 12:59:08.472   686   749 W Looper  : Drained
06-11 12:59:08.481  1731  2136 W acyb    : Abort, client detached.
06-11 12:59:08.491   686   763 I libprocessgroup: Removed cgroup /sys/fs/cgroup/apps/uid_10151/pid_3046
06-11 12:59:08.500  2427  2427 I Finsky  : [2] Memory trim requested to level 40
06-11 12:59:08.503  2427  2427 I Finsky  : [2] Flushing in-memory image cache
06-11 12:59:08.550  1484  1771 I Icing   : IndexChimeraService.getServiceInterface callingPackage=com.google.android.gms componentName=AppsCorpus serviceId=36
06-11 12:59:08.568   686  1159 V SafetySourceDataValidat: Package: com.android.vending has expected signature
06-11 12:59:08.568   686  1159 V SafetySourceDataValidat: Package: com.android.vending has expected signature
06-11 12:59:08.661   686   937 D BackgroundInstallControlService: Package event received: 0
06-11 12:59:08.681   686   937 D BackgroundInstallControlService: Package event received: 0
06-11 12:59:08.689  1484  4374 I Icing   : IndexChimeraService.getServiceInterface callingPackage=com.google.android.gms componentName=null serviceId=30
06-11 12:59:08.692  5968  5968 D ApplicationLoaders: Returning zygote-cached class loader: /system_ext/framework/androidx.window.extensions.jar
06-11 12:59:08.692  5968  5968 D ApplicationLoaders: Returning zygote-cached class loader: /system_ext/framework/androidx.window.sidecar.jar
06-11 12:59:08.694  2427  2746 I Finsky  : [58] SCH: Scheduling phonesky job Id: 12-1, CT: 1749639547255, Constraints: [{ L: 15000, D: 86400000, C: CHARGING_NONE, I: IDLE_NONE, N: NET_ANY, B: BATTERY_ANY }]
06-11 12:59:08.700  2427  2758 I Finsky  : [64] SCH: Scheduling 1 system job(s)
06-11 12:59:08.700  2427  2758 I Finsky  : [64] SCH: Scheduling system job Id: 9235, L: 13555, D: 76334031, C: false, I: false, N: 1
06-11 12:59:08.734  2427  2761 I Finsky  : [66] SCH: Scheduling phonesky job Id: 12-1, CT: 1749639548048, Constraints: [{ L: 15000, D: 86400000, C: CHARGING_NONE, I: IDLE_NONE, N: NET_ANY, B: BATTERY_ANY }]
06-11 12:59:08.738  2427  2719 I Finsky  : [51] [ContentSync] finished, scheduled=true
06-11 12:59:08.743  2427  2746 I Finsky  : [58] SCH: Scheduling 0 system job(s)
06-11 12:59:08.744  2427  2746 I Finsky  : [58] [ContentSync] finished, scheduled=true
06-11 12:59:08.819  2093  2271 I .apps.wellbeing: AssetManager2(0x7c19322ae2d8) locale list changing from [] to [en-US]
06-11 12:59:08.826  2093  2271 I .apps.wellbeing: AssetManager2(0x7c19322a7ed8) locale list changing from [] to [en-US]
06-11 12:59:08.846  2093  2271 I .apps.wellbeing: AssetManager2(0x7c19322a9af8) locale list changing from [] to [en-US]
06-11 12:59:08.855  2093  2271 I .apps.wellbeing: AssetManager2(0x7c19322aba38) locale list changing from [] to [en-US]
06-11 12:59:08.880  1484  5327 I gle.android.gms: AssetManager2(0x7c19322ad338) locale list changing from [] to [en-US]
06-11 12:59:08.881  2093  2271 I .apps.wellbeing: AssetManager2(0x7c19322a7bb8) locale list changing from [] to [en-US]
06-11 12:59:08.893  2093  2271 I .apps.wellbeing: AssetManager2(0x7c19322a68f8) locale list changing from [] to [en-US]
06-11 12:59:08.907  1484  5327 I Icing   : Usage reports ok 2, Failed Usage reports 0, indexed 0, rejected 0
06-11 12:59:08.923  2093  2271 I .apps.wellbeing: AssetManager2(0x7c19322ab0d8) locale list changing from [] to [en-US]
06-11 12:59:08.931  2093  2271 I .apps.wellbeing: AssetManager2(0x7c19322bb438) locale list changing from [] to [en-US]
06-11 12:59:08.937  2093  2271 I .apps.wellbeing: AssetManager2(0x7c19322bc3d8) locale list changing from [] to [en-US]
06-11 12:59:08.942  2093  2271 I .apps.wellbeing: AssetManager2(0x7c19322ba7b8) locale list changing from [] to [en-US]
06-11 12:59:08.971  2093  2271 I .apps.wellbeing: AssetManager2(0x7c19322b5678) locale list changing from [] to [en-US]
06-11 12:59:08.991  2093  2271 I .apps.wellbeing: AssetManager2(0x7c19322bf2b8) locale list changing from [] to [en-US]
06-11 12:59:09.006  1484  5686 I gle.android.gms: AssetManager2(0x7c19322aef58) locale list changing from [] to [en-US]
06-11 12:59:09.014  2093  2271 I .apps.wellbeing: AssetManager2(0x7c19322b7bf8) locale list changing from [] to [en-US]
06-11 12:59:09.019  2093  2271 I .apps.wellbeing: AssetManager2(0x7c19322bf5d8) locale list changing from [] to [en-US]
06-11 12:59:09.022  1484  5327 I Icing   : Usage reports ok 0, Failed Usage reports 0, indexed 0, rejected 0
06-11 12:59:09.050  2093  2271 I .apps.wellbeing: AssetManager2(0x7c19322c1b58) locale list changing from [] to [en-US]
06-11 12:59:09.056  1484  5327 I Icing   : Indexing com.google.android.gms-apps from com.google.android.gms
06-11 12:59:09.060  5968  5968 D nativeloader: Configuring clns-9 for other apk /data/app/~~RgGWHgb8km_KyjKibDBLHg==/com.ash.strefaciszy-MgCrAx4_o85pbZ4mRMXfTA==/base.apk. target_sdk_version=35, uses_libraries=, library_path=/data/app/~~RgGWHgb8km_KyjKibDBLHg==/com.ash.strefaciszy-MgCrAx4_o85pbZ4mRMXfTA==/lib/x86_64:/data/app/~~RgGWHgb8km_KyjKibDBLHg==/com.ash.strefaciszy-MgCrAx4_o85pbZ4mRMXfTA==/base.apk!/lib/x86_64, permitted_path=/data:/mnt/expand:/data/user/0/com.ash.strefaciszy
06-11 12:59:09.061  2093  2271 I .apps.wellbeing: AssetManager2(0x7c19322bcd38) locale list changing from [] to [en-US]
06-11 12:59:09.067  5968  5968 D CompatChangeReporter: Compat change id reported: 202956589; UID 10220; state: ENABLED
06-11 12:59:09.068  1484  5327 I Icing   : Indexing done com.google.android.gms-apps
06-11 12:59:09.074  5968  5968 I ash.strefaciszy: AssetManager2(0x7c19322a49b8) locale list changing from [] to [en-US]
06-11 12:59:09.088  2093  2271 I .apps.wellbeing: AssetManager2(0x7c19322b6938) locale list changing from [] to [en-US]
06-11 12:59:09.089  5968  5968 V GraphicsEnvironment: Currently set values for:
06-11 12:59:09.089  5968  5968 V GraphicsEnvironment:   angle_gl_driver_selection_pkgs=[]
06-11 12:59:09.089  5968  5968 V GraphicsEnvironment:   angle_gl_driver_selection_values=[]
